ARM Linker, 5.03 [Build 24] [MDK-ARM Standard]

==============================================================================

Section Cross References

    startup_stm32f4xx.o(STACK) refers (Special) to heapauxi.o(.text) for __use_two_region_memory
    startup_stm32f4xx.o(HEAP) refers (Special) to heapauxi.o(.text) for __use_two_region_memory
    startup_stm32f4xx.o(RESET) refers (Special) to heapauxi.o(.text) for __use_two_region_memory
    startup_stm32f4xx.o(RESET) refers to startup_stm32f4xx.o(STACK) for __initial_sp
    startup_stm32f4xx.o(RESET) refers to startup_stm32f4xx.o(.text) for Reset_Handler
    startup_stm32f4xx.o(RESET) refers to system_events.o(.text) for SysTick_Handler
    startup_stm32f4xx.o(.text) refers (Special) to heapauxi.o(.text) for __use_two_region_memory
    startup_stm32f4xx.o(.text) refers to system_stm32f4xx.o(.text) for SystemInit
    startup_stm32f4xx.o(.text) refers to __main.o(!!!main) for __main
    startup_stm32f4xx.o(.text) refers to startup_stm32f4xx.o(HEAP) for Heap_Mem
    startup_stm32f4xx.o(.text) refers to startup_stm32f4xx.o(STACK) for Stack_Mem
    stm32f4xx_adc.o(.text) refers to stm32f4xx_rcc.o(.text) for RCC_APB2PeriphResetCmd
    stm32f4xx_can.o(.text) refers to stm32f4xx_rcc.o(.text) for RCC_APB1PeriphResetCmd
    stm32f4xx_cryp.o(.text) refers to stm32f4xx_rcc.o(.text) for RCC_AHB2PeriphResetCmd
    stm32f4xx_cryp_aes.o(.text) refers to stm32f4xx_cryp.o(.text) for CRYP_KeyStructInit
    stm32f4xx_cryp_des.o(.text) refers to stm32f4xx_cryp.o(.text) for CRYP_KeyStructInit
    stm32f4xx_cryp_tdes.o(.text) refers to stm32f4xx_cryp.o(.text) for CRYP_KeyStructInit
    stm32f4xx_dac.o(.text) refers to stm32f4xx_rcc.o(.text) for RCC_APB1PeriphResetCmd
    stm32f4xx_gpio.o(.text) refers to stm32f4xx_rcc.o(.text) for RCC_AHB1PeriphResetCmd
    stm32f4xx_hash.o(.text) refers to stm32f4xx_rcc.o(.text) for RCC_AHB2PeriphResetCmd
    stm32f4xx_hash_md5.o(.text) refers to stm32f4xx_hash.o(.text) for HASH_DeInit
    stm32f4xx_hash_sha1.o(.text) refers to stm32f4xx_hash.o(.text) for HASH_DeInit
    stm32f4xx_i2c.o(.text) refers to stm32f4xx_rcc.o(.text) for RCC_APB1PeriphResetCmd
    stm32f4xx_pwr.o(.text) refers to stm32f4xx_rcc.o(.text) for RCC_APB1PeriphResetCmd
    stm32f4xx_rcc.o(.text) refers to stm32f4xx_rcc.o(.data) for APBAHBPrescTable
    stm32f4xx_rng.o(.text) refers to stm32f4xx_rcc.o(.text) for RCC_AHB2PeriphResetCmd
    stm32f4xx_sdio.o(.text) refers to stm32f4xx_rcc.o(.text) for RCC_APB2PeriphResetCmd
    stm32f4xx_spi.o(.text) refers to stm32f4xx_rcc.o(.text) for RCC_APB2PeriphResetCmd
    stm32f4xx_syscfg.o(.text) refers to stm32f4xx_rcc.o(.text) for RCC_APB2PeriphResetCmd
    stm32f4xx_tim.o(.text) refers to stm32f4xx_rcc.o(.text) for RCC_APB2PeriphResetCmd
    stm32f4xx_usart.o(.text) refers to stm32f4xx_rcc.o(.text) for RCC_APB2PeriphResetCmd
    stm32f4xx_wwdg.o(.text) refers to stm32f4xx_rcc.o(.text) for RCC_APB1PeriphResetCmd
    main.o(.text) refers to system_init.o(.text) for My_STM32_SYSTEM_INIT
    main.o(.text) refers to my_oled.o(.text) for oled_display_str
    main.o(.text) refers to hc_sr04.o(.text) for My_HC_SR04_Start
    main.o(.text) refers to commonplan.o(.text) for eCompassClibration
    main.o(.text) refers to my_usart.o(.text) for My_USART_send_MUX_Bytes_x
    main.o(.text) refers to system_init.o(.bss) for Global_Now_Euler
    system_stm32f4xx.o(.text) refers to system_stm32f4xx.o(.data) for SystemCoreClock
    my_i2c.o(.text) refers to delay.o(.text) for delay_1us
    my_i2c.o(.text) refers to stm32f4xx_rcc.o(.text) for RCC_AHB1PeriphClockCmd
    my_i2c.o(.text) refers to stm32f4xx_gpio.o(.text) for GPIO_Init
    my_i2c.o(.text) refers to my_i2c.o(.data) for oos
    my_led.o(.text) refers to stm32f4xx_rcc.o(.text) for RCC_AHB1PeriphClockCmd
    my_led.o(.text) refers to stm32f4xx_gpio.o(.text) for GPIO_Init
    my_flash.o(.text) refers to stm32f4xx_flash.o(.text) for FLASH_SetLatency
    my_timer.o(.text) refers to stm32f4xx_rcc.o(.text) for RCC_AHB1PeriphClockCmd
    my_timer.o(.text) refers to stm32f4xx_gpio.o(.text) for GPIO_Init
    my_timer.o(.text) refers to stm32f4xx_tim.o(.text) for TIM_DeInit
    my_timer.o(.text) refers to misc.o(.text) for NVIC_Init
    my_oled.o(.text) refers to delay.o(.text) for STM32_Delay_us
    my_oled.o(.text) refers to my_oled.o(.bss) for oled_content
    my_oled.o(.text) refers to my_oled.o(.constdata) for AsciiMat
    my_oled.o(.text) refers to stm32f4xx_rcc.o(.text) for RCC_AHB1PeriphClockCmd
    my_oled.o(.text) refers to stm32f4xx_gpio.o(.text) for GPIO_Init
    my_oled.o(.text) refers to my_oled.o(.data) for i
    my_usart.o(.text) refers to stm32f4xx_rcc.o(.text) for RCC_AHB1PeriphClockCmd
    my_usart.o(.text) refers to misc.o(.text) for NVIC_Init
    my_usart.o(.text) refers to stm32f4xx_dma.o(.text) for DMA_DeInit
    my_usart.o(.text) refers to stm32f4xx_usart.o(.text) for USART_DMACmd
    my_usart.o(.text) refers to stm32f4xx_gpio.o(.text) for GPIO_Init
[...]
    __scatterload_rt2_thumb_only             0x08000191   Thumb Code     0  __scatter.o(!!!scatter)
    __scatterload_null                       0x0800019f   Thumb Code     0  __scatter.o(!!!scatter)
    __decompress                             0x080001c5   Thumb Code    90  __dczerorl2.o(!!dczerorl2)
    __decompress1                            0x080001c5   Thumb Code     0  __dczerorl2.o(!!dczerorl2)
    __scatterload_zeroinit                   0x08000221   Thumb Code    28  __scatter_zi.o(!!handler_zi)
    __rt_lib_init                            0x0800023d   Thumb Code     0  libinit.o(.ARM.Collect$$libinit$$00000000)
    __rt_lib_init_fp_1                       0x0800023f   Thumb Code     0  libinit2.o(.ARM.Collect$$libinit$$00000001)
    __rt_lib_init_heap_2                     0x08000243   Thumb Code     0  libinit2.o(.ARM.Collect$$libinit$$00000003)
    __rt_lib_init_alloca_1                   0x0800024b   Thumb Code     0  libinit2.o(.ARM.Collect$$libinit$$0000002C)
    __rt_lib_init_argv_1                     0x0800024b   Thumb Code     0  libinit2.o(.ARM.Collect$$libinit$$0000002A)
    __rt_lib_init_atexit_1                   0x0800024b   Thumb Code     0  libinit2.o(.ARM.Collect$$libinit$$00000019)
    __rt_lib_init_clock_1                    0x0800024b   Thumb Code     0  libinit2.o(.ARM.Collect$$libinit$$0000001F)
    __rt_lib_init_cpp_1                      0x0800024b   Thumb Code     0  libinit2.o(.ARM.Collect$$libinit$$00000030)
    __rt_lib_init_exceptions_1               0x0800024b   Thumb Code     0  libinit2.o(.ARM.Collect$$libinit$$0000002E)
    __rt_lib_init_fp_trap_1                  0x0800024b   Thumb Code     0  libinit2.o(.ARM.Collect$$libinit$$0000001D)
    __rt_lib_init_getenv_1                   0x0800024b   Thumb Code     0  libinit2.o(.ARM.Collect$$libinit$$00000021)
    __rt_lib_init_heap_1                     0x0800024b   Thumb Code     0  libinit2.o(.ARM.Collect$$libinit$$00000008)
    __rt_lib_init_lc_collate_1               0x0800024b   Thumb Code     0  libinit2.o(.ARM.Collect$$libinit$$0000000F)
    __rt_lib_init_lc_ctype_1                 0x0800024b   Thumb Code     0  libinit2.o(.ARM.Collect$$libinit$$00000011)
    __rt_lib_init_lc_monetary_1              0x0800024b   Thumb Code     0  libinit2.o(.ARM.Collect$$libinit$$00000013)
    __rt_lib_init_lc_numeric_1               0x0800024b   Thumb Code     0  libinit2.o(.ARM.Collect$$libinit$$00000015)
    __rt_lib_init_lc_time_1                  0x0800024b   Thumb Code     0  libinit2.o(.ARM.Collect$$libinit$$00000017)
    __rt_lib_init_rand_1                     0x0800024b   Thumb Code     0  libinit2.o(.ARM.Collect$$libinit$$0000000C)
    __rt_lib_init_return                     0x0800024b   Thumb Code     0  libinit2.o(.ARM.Collect$$libinit$$00000031)
    __rt_lib_init_signal_1                   0x0800024b   Thumb Code     0  libinit2.o(.ARM.Collect$$libinit$$0000001B)
    __rt_lib_init_stdio_1                    0x0800024b   Thumb Code     0  libinit2.o(.ARM.Collect$$libinit$$00000023)
    __rt_lib_init_user_alloc_1               0x0800024b   Thumb Code     0  libinit2.o(.ARM.Collect$$libinit$$0000000A)
    __rt_lib_shutdown                        0x0800024d   Thumb Code     0  libshutdown.o(.ARM.Collect$$libshutdown$$00000000)
    __rt_lib_shutdown_fp_trap_1              0x0800024f   Thumb Code     0  libshutdown2.o(.ARM.Collect$$libshutdown$$00000006)
    __rt_lib_shutdown_heap_1                 0x0800024f   Thumb Code     0  libshutdown2.o(.ARM.Collect$$libshutdown$$0000000E)
    __rt_lib_shutdown_return                 0x0800024f   Thumb Code     0  libshutdown2.o(.ARM.Collect$$libshutdown$$0000000F)
    __rt_lib_shutdown_signal_1               0x0800024f   Thumb Code     0  libshutdown2.o(.ARM.Collect$$libshutdown$$00000009)
    __rt_lib_shutdown_stdio_1                0x0800024f   Thumb Code     0  libshutdown2.o(.ARM.Collect$$libshutdown$$00000003)
    __rt_lib_shutdown_user_alloc_1           0x0800024f   Thumb Code     0  libshutdown2.o(.ARM.Collect$$libshutdown$$0000000B)
    __rt_entry                               0x08000251   Thumb Code     0  rtentry.o(.ARM.Collect$$rtentry$$00000000)
    __rt_entry_presh_1                       0x08000251   Thumb Code     0  rtentry2.o(.ARM.Collect$$rtentry$$00000002)
    __rt_entry_sh                            0x08000251   Thumb Code     0  rtentry4.o(.ARM.Collect$$rtentry$$00000004)
    __rt_entry_li                            0x08000257   Thumb Code     0  rtentry2.o(.ARM.Collect$$rtentry$$0000000A)
    __rt_entry_postsh_1                      0x08000257   Thumb Code     0  rtentry2.o(.ARM.Collect$$rtentry$$00000009)
    __rt_entry_main                          0x0800025b   Thumb Code     0  rtentry2.o(.ARM.Collect$$rtentry$$0000000D)
    __rt_entry_postli_1                      0x0800025b   Thumb Code     0  rtentry2.o(.ARM.Collect$$rtentry$$0000000C)
    __rt_exit                                0x08000263   Thumb Code     0  rtexit.o(.ARM.Collect$$rtexit$$00000000)
    __rt_exit_ls                             0x08000265   Thumb Code     0  rtexit2.o(.ARM.Collect$$rtexit$$00000003)
    __rt_exit_prels_1                        0x08000265   Thumb Code     0  rtexit2.o(.ARM.Collect$$rtexit$$00000002)
    __rt_exit_exit                           0x08000269   Thumb Code     0  rtexit2.o(.ARM.Collect$$rtexit$$00000004)
    Reset_Handler                            0x08000271   Thumb Code     8  startup_stm32f4xx.o(.text)
    _maybe_terminate_alloc                   0x08000271   Thumb Code     0  maybetermalloc1.o(.emb_text)
    NMI_Handler                              0x08000279   Thumb Code     2  startup_stm32f4xx.o(.text)
    HardFault_Handler                        0x0800027b   Thumb Code     2  startup_stm32f4xx.o(.text)
    MemManage_Handler                        0x0800027d   Thumb Code     2  startup_stm32f4xx.o(.text)
    BusFault_Handler                         0x0800027f   Thumb Code     2  startup_stm32f4xx.o(.text)
    UsageFault_Handler                       0x08000281   Thumb Code     2  startup_stm32f4xx.o(.text)
    SVC_Handler                              0x08000283   Thumb Code     2  startup_stm32f4xx.o(.text)
    DebugMon_Handler                         0x08000285   Thumb Code     2  startup_stm32f4xx.o(.text)
    PendSV_Handler                           0x08000287   Thumb Code     2  startup_stm32f4xx.o(.text)
    ADC_IRQHandler                           0x0800028b   Thumb Code     0  startup_stm32f4xx.o(.text)
    CAN1_RX0_IRQHandler                      0x0800028b   Thumb Code     0  startup_stm32f4xx.o(.text)
    CAN1_RX1_IRQHandler                      0x0800028b   Thumb Code     0  startup_stm32f4xx.o(.text)
    CAN1_SCE_IRQHandler                      0x0800028b   Thumb Code     0  startup_stm32f4xx.o(.text)
    CAN1_TX_IRQHandler                       0x0800028b   Thumb Code     0  startup_stm32f4xx.o(.text)
    CAN2_RX0_IRQHandler                      0x0800028b   Thumb Code     0  startup_stm32f4xx.o(.text)
    CAN2_RX1_IRQHandler                      0x0800028b   Thumb Code     0  startup_stm32f4xx.o(.text)
    CAN2_SCE_IRQHandler                      0x0800028b   Thumb Code     0  startup_stm32f4xx.o(.text)
    CAN2_TX_IRQHandler                       0x0800028b   Thumb Code     0  startup_stm32f4xx.o(.text)
    CRYP_IRQHandler                          0x0800028b   Thumb Code     0  startup_stm32f4xx.o(.text)
    DCMI_IRQHandler                          0x0800028b   Thumb Code     0  startup_stm32f4xx.o(.text)
    DMA1_Stream0_IRQHandler                  0x0800028b   Thumb Code     0  startup_stm32f4xx.o(.text)
    DMA1_Stream1_IRQHandler                  0x0800028b   Thumb Code     0  startup_stm32f4xx.o(.text)
    DMA1_Stream2_IRQHandler                  0x0800028b   Thumb Code     0  startup_stm32f4xx.o(.text)
    DMA1_Stream3_IRQHandler                  0x0800028b   Thumb Code     0  startup_stm32f4xx.o(.text)
    DMA1_Stream4_IRQHandler                  0x0800028b   Thumb Code     0  startup_stm32f4xx.o(.text)
    DMA1_Stream5_IRQHandler                  0x0800028b   Thumb Code     0  startup_stm32f4xx.o(.text)
    DMA1_Stream6_IRQHandler                  0x0800028b   Thumb Code     0  startup_stm32f4xx.o(.text)
    DMA1_Stream7_IRQHandler                  0x0800028b   Thumb Code     0  startup_stm32f4xx.o(.text)
    DMA2_Stream0_IRQHandler                  0x0800028b   Thumb Code     0  startup_stm32f4xx.o(.text)
    DMA2_Stream1_IRQHandler                  0x0800028b   Thumb Code     0  startup_stm32f4xx.o(.text)
    DMA2_Stream2_IRQHandler                  0x0800028b   Thumb Code     0  startup_stm32f4xx.o(.text)
    DMA2_Stream3_IRQHandler                  0x0800028b   Thumb Code     0  startup_stm32f4xx.o(.text)
    DMA2_Stream4_IRQHandler                  0x0800028b   Thumb Code     0  startup_stm32f4xx.o(.text)
    DMA2_Stream5_IRQHandler                  0x0800028b   Thumb Code     0  startup_stm32f4xx.o(.text)
    DMA2_Stream6_IRQHandler                  0x0800028b   Thumb Code     0  startup_stm32f4xx.o(.text)
    DMA2_Stream7_IRQHandler                  0x0800028b   Thumb Code     0  startup_stm32f4xx.o(.text)
    ETH_IRQHandler                           0x0800028b   Thumb Code     0  startup_stm32f4xx.o(.text)
    ETH_WKUP_IRQHandler                      0x0800028b   Thumb Code     0  startup_stm32f4xx.o(.text)
    EXTI0_IRQHandler                         0x0800028b   Thumb Code     0  startup_stm32f4xx.o(.text)
    EXTI15_10_IRQHandler                     0x0800028b   Thumb Code     0  startup_stm32f4xx.o(.text)
    EXTI1_IRQHandler                         0x0800028b   Thumb Code     0  startup_stm32f4xx.o(.text)
    EXTI2_IRQHandler                         0x0800028b   Thumb Code     0  startup_stm32f4xx.o(.text)
    EXTI3_IRQHandler                         0x0800028b   Thumb Code     0  startup_stm32f4xx.o(.text)
    EXTI4_IRQHandler                         0x0800028b   Thumb Code     0  startup_stm32f4xx.o(.text)
    EXTI9_5_IRQHandler                       0x0800028b   Thumb Code     0  startup_stm32f4xx.o(.text)
    FLASH_IRQHandler                         0x0800028b   Thumb Code     0  startup_stm32f4xx.o(.text)
    FPU_IRQHandler                           0x0800028b   Thumb Code     0  startup_stm32f4xx.o(.text)
    FSMC_IRQHandler                          0x0800028b   Thumb Code     0  startup_stm32f4xx.o(.text)
    HASH_RNG_IRQHandler                      0x0800028b   Thumb Code     0  startup_stm32f4xx.o(.text)
    I2C1_ER_IRQHandler                       0x0800028b   Thumb Code     0  startup_stm32f4xx.o(.text)
    I2C1_EV_IRQHandler                       0x0800028b   Thumb Code     0  startup_stm32f4xx.o(.text)
    I2C2_ER_IRQHandler                       0x0800028b   Thumb Code     0  startup_stm32f4xx.o(.text)
    I2C2_EV_IRQHandler                       0x0800028b   Thumb Code     0  startup_stm32f4xx.o(.text)
    I2C3_ER_IRQHandler                       0x0800028b   Thumb Code     0  startup_stm32f4xx.o(.text)
    I2C3_EV_IRQHandler                       0x0800028b   Thumb Code     0  startup_stm32f4xx.o(.text)
    OTG_FS_IRQHandler                        0x0800028b   Thumb Code     0  startup_stm32f4xx.o(.text)
    OTG_FS_WKUP_IRQHandler                   0x0800028b   Thumb Code     0  startup_stm32f4xx.o(.text)
    OTG_HS_EP1_IN_IRQHandler                 0x0800028b   Thumb Code     0  startup_stm32f4xx.o(.text)
    OTG_HS_EP1_OUT_IRQHandler                0x0800028b   Thumb Code     0  startup_stm32f4xx.o(.text)
    OTG_HS_IRQHandler                        0x0800028b   Thumb Code     0  startup_stm32f4xx.o(.text)
    OTG_HS_WKUP_IRQHandler                   0x0800028b   Thumb Code     0  startup_stm32f4xx.o(.text)
    PVD_IRQHandler                           0x0800028b   Thumb Code     0  startup_stm32f4xx.o(.text)
    RCC_IRQHandler                           0x0800028b   Thumb Code     0  startup_stm32f4xx.o(.text)
    RTC_Alarm_IRQHandler                     0x0800028b   Thumb Code     0  startup_stm32f4xx.o(.text)
    RTC_WKUP_IRQHandler                      0x0800028b   Thumb Code     0  startup_stm32f4xx.o(.text)
    SDIO_IRQHandler                          0x0800028b   Thumb Code     0  startup_stm32f4xx.o(.text)
    SPI1_IRQHandler                          0x0800028b   Thumb Code     0  startup_stm32f4xx.o(.text)
    SPI2_IRQHandler                          0x0800028b   Thumb Code     0  startup_stm32f4xx.o(.text)
    SPI3_IRQHandler                          0x0800028b   Thumb Code     0  startup_stm32f4xx.o(.text)
    TAMP_STAMP_IRQHandler                    0x0800028b   Thumb Code     0  startup_stm32f4xx.o(.text)
    TIM1_BRK_TIM9_IRQHandler                 0x0800028b   Thumb Code     0  startup_stm32f4xx.o(.text)
    TIM1_CC_IRQHandler                       0x0800028b   Thumb Code     0  startup_stm32f4xx.o(.text)
    TIM1_TRG_COM_TIM11_IRQHandler            0x0800028b   Thumb Code     0  startup_stm32f4xx.o(.text)
    TIM1_UP_TIM10_IRQHandler                 0x0800028b   Thumb Code     0  startup_stm32f4xx.o(.text)
    TIM2_IRQHandler                          0x0800028b   Thumb Code     0  startup_stm32f4xx.o(.text)
    TIM5_IRQHandler                          0x0800028b   Thumb Code     0  startup_stm32f4xx.o(.text)
    TIM6_DAC_IRQHandler                      0x0800028b   Thumb Code     0  startup_stm32f4xx.o(.text)
    TIM7_IRQHandler                          0x0800028b   Thumb Code     0  startup_stm32f4xx.o(.text)
    TIM8_BRK_TIM12_IRQHandler                0x0800028b   Thumb Code     0  startup_stm32f4xx.o(.text)
    TIM8_CC_IRQHandler                       0x0800028b   Thumb Code     0  startup_stm32f4xx.o(.text)
    TIM8_TRG_COM_TIM14_IRQHandler            0x0800028b   Thumb Code     0  startup_stm32f4xx.o(.text)
    TIM8_UP_TIM13_IRQHandler                 0x0800028b   Thumb Code     0  startup_stm32f4xx.o(.text)
    UART4_IRQHandler                         0x0800028b   Thumb Code     0  startup_stm32f4xx.o(.text)
    UART5_IRQHandler                         0x0800028b   Thumb Code     0  startup_stm32f4xx.o(.text)
    USART6_IRQHandler                        0x0800028b   Thumb Code     0  startup_stm32f4xx.o(.text)
    WWDG_IRQHandler                          0x0800028b   Thumb Code     0  startup_stm32f4xx.o(.text)
    __user_initial_stackheap                 0x0800028d   Thumb Code     0  startup_stm32f4xx.o(.text)
    NVIC_PriorityGroupConfig                 0x080002b1   Thumb Code    10  misc.o(.text)
    NVIC_Init                                0x080002bb   Thumb Code   108  misc.o(.text)
    NVIC_SetVectorTable                      0x08000327   Thumb Code    14  misc.o(.text)
    NVIC_SystemLPConfig                      0x08000335   Thumb Code    34  misc.o(.text)
    SysTick_CLKSourceConfig                  0x08000357   Thumb Code    40  misc.o(.text)
    DMA_DeInit                               0x08000395   Thumb Code   324  stm32f4xx_dma.o(.text)
    DMA_Init                                 0x080004d9   Thumb Code    82  stm32f4xx_dma.o(.text)
    DMA_StructInit                           0x0800052b   Thumb Code    34  stm32f4xx_dma.o(.text)
    DMA_Cmd                                  0x0800054d   Thumb Code    22  stm32f4xx_dma.o(.text)
    DMA_PeriphIncOffsetSizeConfig            0x08000563   Thumb Code    22  stm32f4xx_dma.o(.text)
    DMA_FlowControllerConfig                 0x08000579   Thumb Code    22  stm32f4xx_dma.o(.text)
    DMA_SetCurrDataCounter                   0x0800058f   Thumb Code     4  stm32f4xx_dma.o(.text)
    DMA_GetCurrDataCounter                   0x08000593   Thumb Code     8  stm32f4xx_dma.o(.text)
    DMA_DoubleBufferModeConfig               0x0800059b   Thumb Code    24  stm32f4xx_dma.o(.text)
    DMA_DoubleBufferModeCmd                  0x080005b3   Thumb Code    22  stm32f4xx_dma.o(.text)
    DMA_MemoryTargetConfig                   0x080005c9   Thumb Code    10  stm32f4xx_dma.o(.text)
    DMA_GetCurrentMemoryTarget               0x080005d3   Thumb Code    20  stm32f4xx_dma.o(.text)
    DMA_GetCmdStatus                         0x080005e7   Thumb Code    20  stm32f4xx_dma.o(.text)
    DMA_GetFIFOStatus                        0x080005fb   Thumb Code    12  stm32f4xx_dma.o(.text)
    DMA_GetFlagStatus                        0x08000607   Thumb Code    54  stm32f4xx_dma.o(.text)
    DMA_ClearFlag                            0x0800063d   Thumb Code    40  stm32f4xx_dma.o(.text)
    DMA_ITConfig                             0x08000665   Thumb Code    58  stm32f4xx_dma.o(.text)
    DMA_GetITStatus                          0x0800069f   Thumb Code    82  stm32f4xx_dma.o(.text)
    DMA_ClearITPendingBit                    0x080006f1   Thumb Code    40  stm32f4xx_dma.o(.text)
    FLASH_SetLatency                         0x08000739   Thumb Code     6  stm32f4xx_flash.o(.text)
    FLASH_PrefetchBufferCmd                  0x0800073f   Thumb Code    30  stm32f4xx_flash.o(.text)
    FLASH_InstructionCacheCmd                0x0800075d   Thumb Code    30  stm32f4xx_flash.o(.text)
    FLASH_DataCacheCmd                       0x0800077b   Thumb Code    30  stm32f4xx_flash.o(.text)
    FLASH_InstructionCacheReset              0x08000799   Thumb Code    14  stm32f4xx_flash.o(.text)
    FLASH_DataCacheReset                     0x080007a7   Thumb Code    14  stm32f4xx_flash.o(.text)
    FLASH_Unlock                             0x080007b5   Thumb Code    26  stm32f4xx_flash.o(.text)
    FLASH_Lock                               0x080007cf   Thumb Code    18  stm32f4xx_flash.o(.text)
    FLASH_GetStatus                          0x080007e1   Thumb Code    74  stm32f4xx_flash.o(.text)
    FLASH_WaitForLastOperation               0x0800082b   Thumb Code    34  stm32f4xx_flash.o(.text)
    FLASH_EraseSector                        0x0800084d   Thumb Code   140  stm32f4xx_flash.o(.text)
    FLASH_EraseAllSectors                    0x080008d9   Thumb Code   112  stm32f4xx_flash.o(.text)
    FLASH_ProgramDoubleWord                  0x08000949   Thumb Code    88  stm32f4xx_flash.o(.text)
    FLASH_ProgramWord                        0x080009a1   Thumb Code    82  stm32f4xx_flash.o(.text)
    FLASH_ProgramHalfWord                    0x080009f3   Thumb Code    82  stm32f4xx_flash.o(.text)
    FLASH_ProgramByte                        0x08000a45   Thumb Code    78  stm32f4xx_flash.o(.text)
    FLASH_OB_Unlock                          0x08000a93   Thumb Code    26  stm32f4xx_flash.o(.text)
    FLASH_OB_Lock                            0x08000aad   Thumb Code    18  stm32f4xx_flash.o(.text)
    FLASH_OB_WRPConfig                       0x08000abf   Thumb Code    54  stm32f4xx_flash.o(.text)
    FLASH_OB_RDPConfig                       0x08000af5   Thumb Code    24  stm32f4xx_flash.o(.text)
    FLASH_OB_UserConfig                      0x08000b0d   Thumb Code    68  stm32f4xx_flash.o(.text)
    FLASH_OB_BORConfig                       0x08000b51   Thumb Code    26  stm32f4xx_flash.o(.text)
    FLASH_OB_Launch                          0x08000b6b   Thumb Code    30  stm32f4xx_flash.o(.text)
    FLASH_OB_GetUser                         0x08000b89   Thumb Code    12  stm32f4xx_flash.o(.text)
    FLASH_OB_GetWRP                          0x08000b95   Thumb Code     8  stm32f4xx_flash.o(.text)
    FLASH_OB_GetRDP                          0x08000b9d   Thumb Code    20  stm32f4xx_flash.o(.text)
    FLASH_OB_GetBOR                          0x08000bb1   Thumb Code    12  stm32f4xx_flash.o(.text)
    FLASH_ITConfig                           0x08000bbd   Thumb Code    34  stm32f4xx_flash.o(.text)
    FLASH_GetFlagStatus                      0x08000bdf   Thumb Code    22  stm32f4xx_flash.o(.text)
    FLASH_ClearFlag                          0x08000bf5   Thumb Code     8  stm32f4xx_flash.o(.text)
    GPIO_DeInit                              0x08000c01   Thumb Code   220  stm32f4xx_gpio.o(.text)
    GPIO_Init                                0x08000cdd   Thumb Code   144  stm32f4xx_gpio.o(.text)
    GPIO_StructInit                          0x08000d6d   Thumb Code    18  stm32f4xx_gpio.o(.text)
    GPIO_PinLockConfig                       0x08000d7f   Thumb Code    34  stm32f4xx_gpio.o(.text)
    GPIO_ReadInputDataBit                    0x08000da1   Thumb Code    18  stm32f4xx_gpio.o(.text)
    GPIO_ReadInputData                       0x08000db3   Thumb Code     8  stm32f4xx_gpio.o(.text)
    GPIO_ReadOutputDataBit                   0x08000dbb   Thumb Code    18  stm32f4xx_gpio.o(.text)
    GPIO_ReadOutputData                      0x08000dcd   Thumb Code     8  stm32f4xx_gpio.o(.text)
    GPIO_SetBits                             0x08000dd5   Thumb Code     4  stm32f4xx_gpio.o(.text)
    GPIO_ResetBits                           0x08000dd9   Thumb Code     4  stm32f4xx_gpio.o(.text)
    GPIO_WriteBit                            0x08000ddd   Thumb Code    10  stm32f4xx_gpio.o(.text)
    GPIO_Write                               0x08000de7   Thumb Code     4  stm32f4xx_gpio.o(.text)
    GPIO_ToggleBits                          0x08000deb   Thumb Code     8  stm32f4xx_gpio.o(.text)
    GPIO_PinAFConfig                         0x08000df3   Thumb Code    70  stm32f4xx_gpio.o(.text)
    RCC_DeInit                               0x08000e5d   Thumb Code    60  stm32f4xx_rcc.o(.text)
    RCC_HSEConfig                            0x08000e99   Thumb Code    14  stm32f4xx_rcc.o(.text)
    RCC_GetFlagStatus                        0x08000ea7   Thumb Code    60  stm32f4xx_rcc.o(.text)
    RCC_WaitForHSEStartUp                    0x08000ee3   Thumb Code    56  stm32f4xx_rcc.o(.text)
    RCC_AdjustHSICalibrationValue            0x08000f1b   Thumb Code    20  stm32f4xx_rcc.o(.text)
    RCC_HSICmd                               0x08000f2f   Thumb Code     6  stm32f4xx_rcc.o(.text)
    RCC_LSEConfig                            0x08000f35   Thumb Code    46  stm32f4xx_rcc.o(.text)
    RCC_LSICmd                               0x08000f63   Thumb Code     6  stm32f4xx_rcc.o(.text)
    RCC_PLLConfig                            0x08000f69   Thumb Code    32  stm32f4xx_rcc.o(.text)
    RCC_PLLCmd                               0x08000f89   Thumb Code     6  stm32f4xx_rcc.o(.text)
    RCC_PLLI2SConfig                         0x08000f8f   Thumb Code    14  stm32f4xx_rcc.o(.text)
    RCC_PLLI2SCmd                            0x08000f9d   Thumb Code     6  stm32f4xx_rcc.o(.text)
    RCC_ClockSecuritySystemCmd               0x08000fa3   Thumb Code     6  stm32f4xx_rcc.o(.text)
    RCC_MCO1Config                           0x08000fa9   Thumb Code    28  stm32f4xx_rcc.o(.text)
    RCC_MCO2Config                           0x08000fc5   Thumb Code    28  stm32f4xx_rcc.o(.text)
    RCC_SYSCLKConfig                         0x08000fe1   Thumb Code    20  stm32f4xx_rcc.o(.text)
    RCC_GetSYSCLKSource                      0x08000ff5   Thumb Code    12  stm32f4xx_rcc.o(.text)
    RCC_HCLKConfig                           0x08001001   Thumb Code    20  stm32f4xx_rcc.o(.text)
    RCC_PCLK1Config                          0x08001015   Thumb Code    20  stm32f4xx_rcc.o(.text)
    RCC_PCLK2Config                          0x08001029   Thumb Code    22  stm32f4xx_rcc.o(.text)
    RCC_GetClocksFreq                        0x0800103f   Thumb Code   222  stm32f4xx_rcc.o(.text)
    RCC_RTCCLKConfig                         0x0800111d   Thumb Code    54  stm32f4xx_rcc.o(.text)
    RCC_RTCCLKCmd                            0x08001153   Thumb Code     8  stm32f4xx_rcc.o(.text)
    RCC_BackupResetCmd                       0x0800115b   Thumb Code     8  stm32f4xx_rcc.o(.text)
    RCC_I2SCLKConfig                         0x08001163   Thumb Code     6  stm32f4xx_rcc.o(.text)
    RCC_AHB1PeriphClockCmd                   0x08001169   Thumb Code    34  stm32f4xx_rcc.o(.text)
    RCC_AHB2PeriphClockCmd                   0x0800118b   Thumb Code    34  stm32f4xx_rcc.o(.text)
    RCC_AHB3PeriphClockCmd                   0x080011ad   Thumb Code    34  stm32f4xx_rcc.o(.text)
    RCC_APB1PeriphClockCmd                   0x080011cf   Thumb Code    34  stm32f4xx_rcc.o(.text)
    RCC_APB2PeriphClockCmd                   0x080011f1   Thumb Code    34  stm32f4xx_rcc.o(.text)
    RCC_AHB1PeriphResetCmd                   0x08001213   Thumb Code    34  stm32f4xx_rcc.o(.text)
    RCC_AHB2PeriphResetCmd                   0x08001235   Thumb Code    72  stm32f4xx_rcc.o(.text)
    RCC_AHB3PeriphResetCmd                   0x0800127d   Thumb Code    34  stm32f4xx_rcc.o(.text)
    RCC_APB1PeriphResetCmd                   0x0800129f   Thumb Code    34  stm32f4xx_rcc.o(.text)
    RCC_APB2PeriphResetCmd                   0x080012c1   Thumb Code    34  stm32f4xx_rcc.o(.text)
    RCC_AHB1PeriphClockLPModeCmd             0x080012e3   Thumb Code    34  stm32f4xx_rcc.o(.text)
    RCC_AHB2PeriphClockLPModeCmd             0x08001305   Thumb Code    34  stm32f4xx_rcc.o(.text)
    RCC_AHB3PeriphClockLPModeCmd             0x08001327   Thumb Code    34  stm32f4xx_rcc.o(.text)
    RCC_APB1PeriphClockLPModeCmd             0x08001349   Thumb Code    34  stm32f4xx_rcc.o(.text)
    RCC_APB2PeriphClockLPModeCmd             0x0800136b   Thumb Code    34  stm32f4xx_rcc.o(.text)
    RCC_ITConfig                             0x0800138d   Thumb Code    34  stm32f4xx_rcc.o(.text)
    RCC_ClearFlag                            0x080013af   Thumb Code    18  stm32f4xx_rcc.o(.text)
    RCC_GetITStatus                          0x080013c1   Thumb Code    22  stm32f4xx_rcc.o(.text)
    RCC_ClearITPendingBit                    0x080013d7   Thumb Code     8  stm32f4xx_rcc.o(.text)
    TIM_DeInit                               0x080013e5   Thumb Code   346  stm32f4xx_tim.o(.text)
    TIM_TimeBaseInit                         0x0800153f   Thumb Code   104  stm32f4xx_tim.o(.text)
    TIM_TimeBaseStructInit                   0x080015a7   Thumb Code    18  stm32f4xx_tim.o(.text)
    TIM_PrescalerConfig                      0x080015b9   Thumb Code     6  stm32f4xx_tim.o(.text)
    TIM_CounterModeConfig                    0x080015bf   Thumb Code    18  stm32f4xx_tim.o(.text)
    TIM_SetCounter                           0x080015d1   Thumb Code     4  stm32f4xx_tim.o(.text)
    TIM_SetAutoreload                        0x080015d5   Thumb Code     4  stm32f4xx_tim.o(.text)
    TIM_GetCounter                           0x080015d9   Thumb Code     6  stm32f4xx_tim.o(.text)
    TIM_GetPrescaler                         0x080015df   Thumb Code     6  stm32f4xx_tim.o(.text)
    TIM_UpdateDisableConfig                  0x080015e5   Thumb Code    24  stm32f4xx_tim.o(.text)
    TIM_UpdateRequestConfig                  0x080015fd   Thumb Code    24  stm32f4xx_tim.o(.text)
    TIM_ARRPreloadConfig                     0x08001615   Thumb Code    24  stm32f4xx_tim.o(.text)
    TIM_SelectOnePulseMode                   0x0800162d   Thumb Code    18  stm32f4xx_tim.o(.text)
    TIM_SetClockDivision                     0x0800163f   Thumb Code    18  stm32f4xx_tim.o(.text)
    TIM_Cmd                                  0x08001651   Thumb Code    24  stm32f4xx_tim.o(.text)
    TIM_OC1Init                              0x08001669   Thumb Code   114  stm32f4xx_tim.o(.text)
    TIM_OC2Init                              0x080016db   Thumb Code   154  stm32f4xx_tim.o(.text)
    TIM_OC3Init                              0x08001775   Thumb Code   204  stm32f4xx_tim.o(.text)
    TIM_OC4Init                              0x08001841   Thumb Code   112  stm32f4xx_tim.o(.text)
    TIM_OCStructInit                         0x080018b1   Thumb Code    20  stm32f4xx_tim.o(.text)
    TIM_SelectOCxM                           0x080018c5   Thumb Code    86  stm32f4xx_tim.o(.text)
    TIM_SetCompare1                          0x0800191b   Thumb Code     4  stm32f4xx_tim.o(.text)
    TIM_SetCompare2                          0x0800191f   Thumb Code     4  stm32f4xx_tim.o(.text)
    TIM_SetCompare3                          0x08001923   Thumb Code     4  stm32f4xx_tim.o(.text)
    TIM_SetCompare4                          0x08001927   Thumb Code     4  stm32f4xx_tim.o(.text)
    TIM_ForcedOC1Config                      0x0800192b   Thumb Code    18  stm32f4xx_tim.o(.text)
    TIM_ForcedOC2Config                      0x0800193d   Thumb Code    26  stm32f4xx_tim.o(.text)
    TIM_ForcedOC3Config                      0x08001957   Thumb Code    18  stm32f4xx_tim.o(.text)
    TIM_ForcedOC4Config                      0x08001969   Thumb Code    26  stm32f4xx_tim.o(.text)
    TIM_OC1PreloadConfig                     0x08001983   Thumb Code    18  stm32f4xx_tim.o(.text)
    TIM_OC2PreloadConfig                     0x08001995   Thumb Code    26  stm32f4xx_tim.o(.text)
    TIM_OC3PreloadConfig                     0x080019af   Thumb Code    18  stm32f4xx_tim.o(.text)
    TIM_OC4PreloadConfig                     0x080019c1   Thumb Code    26  stm32f4xx_tim.o(.text)
    TIM_OC1FastConfig                        0x080019db   Thumb Code    18  stm32f4xx_tim.o(.text)
    TIM_OC2FastConfig                        0x080019ed   Thumb Code    26  stm32f4xx_tim.o(.text)
    TIM_OC3FastConfig                        0x08001a07   Thumb Code    18  stm32f4xx_tim.o(.text)
    TIM_OC4FastConfig                        0x08001a19   Thumb Code    26  stm32f4xx_tim.o(.text)
    TIM_ClearOC1Ref                          0x08001a33   Thumb Code    18  stm32f4xx_tim.o(.text)
    TIM_ClearOC2Ref                          0x08001a45   Thumb Code    24  stm32f4xx_tim.o(.text)
    TIM_ClearOC3Ref                          0x08001a5d   Thumb Code    18  stm32f4xx_tim.o(.text)
    TIM_ClearOC4Ref                          0x08001a6f   Thumb Code    24  stm32f4xx_tim.o(.text)
    TIM_OC1PolarityConfig                    0x08001a87   Thumb Code    18  stm32f4xx_tim.o(.text)
    TIM_OC1NPolarityConfig                   0x08001a99   Thumb Code    18  stm32f4xx_tim.o(.text)
    TIM_OC2PolarityConfig                    0x08001aab   Thumb Code    26  stm32f4xx_tim.o(.text)
    TIM_OC2NPolarityConfig                   0x08001ac5   Thumb Code    26  stm32f4xx_tim.o(.text)
    TIM_OC3PolarityConfig                    0x08001adf   Thumb Code    26  stm32f4xx_tim.o(.text)
    TIM_OC3NPolarityConfig                   0x08001af9   Thumb Code    26  stm32f4xx_tim.o(.text)
    TIM_OC4PolarityConfig                    0x08001b13   Thumb Code    26  stm32f4xx_tim.o(.text)
    TIM_CCxCmd                               0x08001b2d   Thumb Code    30  stm32f4xx_tim.o(.text)
    TIM_CCxNCmd                              0x08001b4b   Thumb Code    30  stm32f4xx_tim.o(.text)
    TIM_SetIC4Prescaler                      0x08001b69   Thumb Code    26  stm32f4xx_tim.o(.text)
    TIM_SetIC3Prescaler                      0x08001bd3   Thumb Code    18  stm32f4xx_tim.o(.text)
    TIM_SetIC2Prescaler                      0x08001c2d   Thumb Code    26  stm32f4xx_tim.o(.text)
    TIM_SetIC1Prescaler                      0x08001ca1   Thumb Code    18  stm32f4xx_tim.o(.text)
    TIM_ICInit                               0x08001ced   Thumb Code   110  stm32f4xx_tim.o(.text)
    TIM_ICStructInit                         0x08001d5b   Thumb Code    18  stm32f4xx_tim.o(.text)
    TIM_PWMIConfig                           0x08001d6d   Thumb Code   124  stm32f4xx_tim.o(.text)
    TIM_GetCapture1                          0x08001de9   Thumb Code     6  stm32f4xx_tim.o(.text)
    TIM_GetCapture2                          0x08001def   Thumb Code     6  stm32f4xx_tim.o(.text)
    TIM_GetCapture3                          0x08001df5   Thumb Code     6  stm32f4xx_tim.o(.text)
    TIM_GetCapture4                          0x08001dfb   Thumb Code     6  stm32f4xx_tim.o(.text)
    TIM_BDTRConfig                           0x08001e01   Thumb Code    32  stm32f4xx_tim.o(.text)
    TIM_BDTRStructInit                       0x08001e21   Thumb Code    18  stm32f4xx_tim.o(.text)
    TIM_CtrlPWMOutputs                       0x08001e33   Thumb Code    30  stm32f4xx_tim.o(.text)
    TIM_SelectCOM                            0x08001e51   Thumb Code    24  stm32f4xx_tim.o(.text)
    TIM_CCPreloadControl                     0x08001e69   Thumb Code    24  stm32f4xx_tim.o(.text)
    TIM_ITConfig                             0x08001e81   Thumb Code    18  stm32f4xx_tim.o(.text)
    TIM_GenerateEvent                        0x08001e93   Thumb Code     4  stm32f4xx_tim.o(.text)
    TIM_GetFlagStatus                        0x08001e97   Thumb Code    18  stm32f4xx_tim.o(.text)
    TIM_ClearFlag                            0x08001ea9   Thumb Code     6  stm32f4xx_tim.o(.text)
    TIM_GetITStatus                          0x08001eaf   Thumb Code    34  stm32f4xx_tim.o(.text)
    TIM_ClearITPendingBit                    0x08001ed1   Thumb Code     6  stm32f4xx_tim.o(.text)
    TIM_DMAConfig                            0x08001ed7   Thumb Code    10  stm32f4xx_tim.o(.text)
    TIM_DMACmd                               0x08001ee1   Thumb Code    18  stm32f4xx_tim.o(.text)
    TIM_SelectCCDMA                          0x08001ef3   Thumb Code    24  stm32f4xx_tim.o(.text)
    TIM_InternalClockConfig                  0x08001f0b   Thumb Code    12  stm32f4xx_tim.o(.text)
    TIM_SelectInputTrigger                   0x08001f17   Thumb Code    18  stm32f4xx_tim.o(.text)
    TIM_ITRxExternalClockConfig              0x08001f29   Thumb Code    24  stm32f4xx_tim.o(.text)
    TIM_TIxExternalClockConfig               0x08001f41   Thumb Code    62  stm32f4xx_tim.o(.text)
    TIM_ETRConfig                            0x08001f7f   Thumb Code    28  stm32f4xx_tim.o(.text)
    TIM_ETRClockMode1Config                  0x08001f9b   Thumb Code    54  stm32f4xx_tim.o(.text)
    TIM_ETRClockMode2Config                  0x08001fd1   Thumb Code    32  stm32f4xx_tim.o(.text)
    TIM_SelectOutputTrigger                  0x08001ff1   Thumb Code    18  stm32f4xx_tim.o(.text)
    TIM_SelectSlaveMode                      0x08002003   Thumb Code    18  stm32f4xx_tim.o(.text)
    TIM_SelectMasterSlaveMode                0x08002015   Thumb Code    18  stm32f4xx_tim.o(.text)
    TIM_EncoderInterfaceConfig               0x08002027   Thumb Code    66  stm32f4xx_tim.o(.text)
    TIM_SelectHallSensor                     0x08002069   Thumb Code    24  stm32f4xx_tim.o(.text)
    TIM_RemapConfig                          0x08002081   Thumb Code     6  stm32f4xx_tim.o(.text)
    USART_DeInit                             0x08002089   Thumb Code   156  stm32f4xx_usart.o(.text)
    USART_Init                               0x08002125   Thumb Code   204  stm32f4xx_usart.o(.text)
    USART_StructInit                         0x080021f1   Thumb Code    24  stm32f4xx_usart.o(.text)
    USART_ClockInit                          0x08002209   Thumb Code    32  stm32f4xx_usart.o(.text)
    USART_ClockStructInit                    0x08002229   Thumb Code    12  stm32f4xx_usart.o(.text)
    USART_Cmd                                0x08002235   Thumb Code    24  stm32f4xx_usart.o(.text)
    USART_SetPrescaler                       0x0800224d   Thumb Code    16  stm32f4xx_usart.o(.text)
    USART_OverSampling8Cmd                   0x0800225d   Thumb Code    22  stm32f4xx_usart.o(.text)
    USART_OneBitMethodCmd                    0x08002273   Thumb Code    24  stm32f4xx_usart.o(.text)
    USART_SendData                           0x0800228b   Thumb Code     8  stm32f4xx_usart.o(.text)
    USART_ReceiveData                        0x08002293   Thumb Code    10  stm32f4xx_usart.o(.text)
    USART_SetAddress                         0x0800229d   Thumb Code    18  stm32f4xx_usart.o(.text)
    USART_ReceiverWakeUpCmd                  0x080022af   Thumb Code    24  stm32f4xx_usart.o(.text)
    USART_WakeUpConfig                       0x080022c7   Thumb Code    18  stm32f4xx_usart.o(.text)
    USART_LINBreakDetectLengthConfig         0x080022d9   Thumb Code    18  stm32f4xx_usart.o(.text)
    USART_LINCmd                             0x080022eb   Thumb Code    24  stm32f4xx_usart.o(.text)
    USART_SendBreak                          0x08002303   Thumb Code    10  stm32f4xx_usart.o(.text)
    USART_HalfDuplexCmd                      0x0800230d   Thumb Code    24  stm32f4xx_usart.o(.text)
    USART_SetGuardTime                       0x08002325   Thumb Code    16  stm32f4xx_usart.o(.text)
    USART_SmartCardCmd                       0x08002335   Thumb Code    24  stm32f4xx_usart.o(.text)
    USART_SmartCardNACKCmd                   0x0800234d   Thumb Code    24  stm32f4xx_usart.o(.text)
    USART_IrDAConfig                         0x08002365   Thumb Code    18  stm32f4xx_usart.o(.text)
    USART_IrDACmd                            0x08002377   Thumb Code    24  stm32f4xx_usart.o(.text)
    USART_DMACmd                             0x0800238f   Thumb Code    18  stm32f4xx_usart.o(.text)
    USART_ITConfig                           0x080023a1   Thumb Code    74  stm32f4xx_usart.o(.text)
    USART_GetFlagStatus                      0x080023eb   Thumb Code    26  stm32f4xx_usart.o(.text)
    USART_ClearFlag                          0x08002405   Thumb Code    18  stm32f4xx_usart.o(.text)
    USART_GetITStatus                        0x08002417   Thumb Code   110  stm32f4xx_usart.o(.text)
    USART_ClearITPendingBit                  0x08002485   Thumb Code    30  stm32f4xx_usart.o(.text)
    main                                     0x080024a5   Thumb Code   126  main.o(.text)
    SystemInit                               0x0800260b   Thumb Code    88  system_stm32f4xx.o(.text)
    SystemCoreClockUpdate                    0x08002663   Thumb Code   174  system_stm32f4xx.o(.text)
    STM32_Delay_us                           0x0800273d   Thumb Code   336  delay.o(.text)
    STM32_Delay_ms                           0x0800288d   Thumb Code    26  delay.o(.text)
    delay_1us                                0x080028a7   Thumb Code    10  delay.o(.text)
    delay_2us                                0x080028b1   Thumb Code    10  delay.o(.text)
    delay_3us                                0x080028bb   Thumb Code    10  delay.o(.text)
    delay_4us                                0x080028c5   Thumb Code    10  delay.o(.text)
    delay_5us                                0x080028cf   Thumb Code    10  delay.o(.text)
    I2C_start                                0x080028d9   Thumb Code    70  my_i2c.o(.text)
    I2C_stop                                 0x0800291f   Thumb Code    56  my_i2c.o(.text)
    I2C_ack                                  0x08002957   Thumb Code    56  my_i2c.o(.text)
    I2C_no_ack                               0x0800298f   Thumb Code    56  my_i2c.o(.text)
    I2C_check_ack                            0x080029c7   Thumb Code   100  my_i2c.o(.text)
    I2C_send_one_char                        0x08002a2b   Thumb Code    90  my_i2c.o(.text)
    I2C_recv_one_char                        0x08002a85   Thumb Code   120  my_i2c.o(.text)
    My_STM32_I2C_init                        0x08002afd   Thumb Code    68  my_i2c.o(.text)
    I2C_send_str                             0x08002b41   Thumb Code    64  my_i2c.o(.text)
    I2C_recv_str                             0x08002b81   Thumb Code    92  my_i2c.o(.text)
    My_STM32_LED_init                        0x08002be5   Thumb Code    88  my_led.o(.text)
    My_STM32_Flash_init                      0x08002c41   Thumb Code    10  my_flash.o(.text)
    StmGetSectorEndAddress                   0x08002c4b   Thumb Code   252  my_flash.o(.text)
    StmFlashWrite                            0x08002d47   Thumb Code    88  my_flash.o(.text)
    StmFlashRead                             0x08002d9f   Thumb Code    52  my_flash.o(.text)
    Systick_init                             0x08002e25   Thumb Code    72  my_timer.o(.text)
    Tim1_init                                0x08002e6d   Thumb Code   292  my_timer.o(.text)
    Tim1_PWM_Output                          0x08002f91   Thumb Code    14  my_timer.o(.text)
    Tim3_init                                0x08002f9f   Thumb Code   368  my_timer.o(.text)
    Tim3_Init_Enable                         0x0800310f   Thumb Code    14  my_timer.o(.text)
    Tim3_Init_Disable                        0x0800311d   Thumb Code    14  my_timer.o(.text)
    Tim4_init                                0x0800312b   Thumb Code   322  my_timer.o(.text)
    Tim4_Init_Enable                         0x0800326d   Thumb Code    14  my_timer.o(.text)
    Tim4_Init_Disable                        0x0800327b   Thumb Code    14  my_timer.o(.text)
    Tim14_init                               0x08003289   Thumb Code   194  my_timer.o(.text)
    My_STM32_TIMER_init                      0x0800334b   Thumb Code    26  my_timer.o(.text)
    oled_wcmd                                0x08003371   Thumb Code    98  my_oled.o(.text)
    oled_wdat                                0x080033d3   Thumb Code   100  my_oled.o(.text)
    oled_ascii                               0x08003437   Thumb Code   248  my_oled.o(.text)
    oled_gb2312                              0x0800352f   Thumb Code   320  my_oled.o(.text)
    oled_clear_screen                        0x0800366f   Thumb Code    56  my_oled.o(.text)
    oled_display_num                         0x080036a7   Thumb Code   226  my_oled.o(.text)
    oled_display_float                       0x08003789   Thumb Code     2  my_oled.o(.text)
    oled_display_str                         0x0800378b   Thumb Code   234  my_oled.o(.text)
    oled_display_fig                         0x08003875   Thumb Code   102  my_oled.o(.text)
    oled_display_inv                         0x080038db   Thumb Code   108  my_oled.o(.text)
    My_OLED_init                             0x08003947   Thumb Code   322  my_oled.o(.text)
    My_USARTn_DMA_Config                     0x08003aa9   Thumb Code   436  my_usart.o(.text)
    My_STM32_USART_init                      0x08003c5d   Thumb Code   584  my_usart.o(.text)
    My_USART_send_U8                         0x08003ea5   Thumb Code   140  my_usart.o(.text)
    My_USART_send_MUX_Bytes_x                0x08003f31   Thumb Code    90  my_usart.o(.text)
    My_USART_read_U8                         0x08003f8b   Thumb Code    56  my_usart.o(.text)
    My_STM32_SYSTEM_INIT                     0x08003fd5   Thumb Code    64  system_init.o(.text)
    SysTick_Handler                          0x0800401d   Thumb Code  2558  system_events.o(.text)
    TIM3_IRQHandler                          0x08004a1b   Thumb Code   336  system_events.o(.text)
    TIM4_IRQHandler                          0x08004b6b   Thumb Code   336  system_events.o(.text)
    USART1_IRQHandler                        0x08004cbb   Thumb Code   180  system_events.o(.text)
    USART2_IRQHandler                        0x08004d6f   Thumb Code    70  system_events.o(.text)
    USART3_IRQHandler                        0x08004db5   Thumb Code    76  system_events.o(.text)
    My_L3GD20_init                           0x08004e21   Thumb Code   152  l3gd20.o(.text)
    My_L3GD20_Get_gyro                       0x08004eb9   Thumb Code   158  l3gd20.o(.text)
    Revise_L3GD20_GyroVal                    0x08004f57   Thumb Code  1390  l3gd20.o(.text)
    low_pass_filter                          0x080054f9   Thumb Code    68  ms5611.o(.text)
    slide_arithmetic_mean_filter             0x0800553d   Thumb Code   158  ms5611.o(.text)
    ms5611_reset                             0x080055db   Thumb Code    32  ms5611.o(.text)
    ms5611_prom_read                         0x080055fb   Thumb Code   170  ms5611.o(.text)
    ms5611_do_conversion                     0x080056a5   Thumb Code   146  ms5611.o(.text)
    My_MS5611_init                           0x08005737   Thumb Code    26  ms5611.o(.text)
    ms5611_get_temperature                   0x08005751   Thumb Code    98  ms5611.o(.text)
    ms5611_get_pressure                      0x080057b3   Thumb Code   706  ms5611.o(.text)
    MS5611_Get_Ref_Altitude                  0x08005a75   Thumb Code    64  ms5611.o(.text)
    MS5611_Get_Altitude                      0x08005ab5   Thumb Code    90  ms5611.o(.text)
    My_LSM303D_init                          0x08005b55   Thumb Code   518  lsm303d.o(.text)
    My_LSM303D_Get_Accle_Val                 0x08005d5b   Thumb Code   166  lsm303d.o(.text)
    My_LSM303D_Get_Mag_Val                   0x08005e01   Thumb Code   174  lsm303d.o(.text)
    My_LSM303D_Mag_Check                     0x08005eaf   Thumb Code   404  lsm303d.o(.text)
    My_LSM303D_Get_yaw                       0x08006043   Thumb Code   430  lsm303d.o(.text)
    My_MPU6050_init                          0x08006215   Thumb Code   196  mpu6050.o(.text)
    My_MPU6050_Get_Accle_Val                 0x080062d9   Thumb Code    96  mpu6050.o(.text)
    My_MPU6050_Get_Gyro_Val                  0x08006339   Thumb Code   104  mpu6050.o(.text)
    Revise_MPU6050_GyroVal                   0x080063a1   Thumb Code  1626  mpu6050.o(.text)
    My_HC_SR04_Start                         0x08006a3d   Thumb Code    12  hc_sr04.o(.text)
    My_HC_SR04_Get_Height                    0x08006a49   Thumb Code    58  hc_sr04.o(.text)
    MY_HMC5883L_init                         0x08006a91   Thumb Code    40  hmc5883l.o(.text)
    MY_HMC5883L_Get_mag_Val                  0x08006ab9   Thumb Code    96  hmc5883l.o(.text)
    My_HMC5883L_Mag_Check                    0x08006b19   Thumb Code   296  hmc5883l.o(.text)
    MY_HMC5883L_Get_angle                    0x08006c41   Thumb Code   172  hmc5883l.o(.text)
    NMEA_Comma_Pos                           0x08006d15   Thumb Code    50  gps_neo_m8n.o(.text)
    NMEA_Pow                                 0x08006d47   Thumb Code    22  gps_neo_m8n.o(.text)
    NMEA_Str2num                             0x08006d5d   Thumb Code   234  gps_neo_m8n.o(.text)
    NMEA_GPGSV_Analysis                      0x08006e47   Thumb Code   290  gps_neo_m8n.o(.text)
    NMEA_GLGSV_Analysis                      0x08006f69   Thumb Code   300  gps_neo_m8n.o(.text)
    NMEA_GNGGA_Analysis                      0x08007095   Thumb Code    96  gps_neo_m8n.o(.text)
    NMEA_GNGSA_Analysis                      0x080070f5   Thumb Code   246  gps_neo_m8n.o(.text)
    NMEA_GNRMC_Analysis                      0x080071eb   Thumb Code   580  gps_neo_m8n.o(.text)
    NMEA_GNVTG_Analysis                      0x0800742f   Thumb Code   166  gps_neo_m8n.o(.text)
    GPS_Analysis                             0x080074d5   Thumb Code    56  gps_neo_m8n.o(.text)
    Get_NED_Pos                              0x0800750d   Thumb Code   234  gps_neo_m8n.o(.text)
    My_STM32_enable_interrupts               0x0800764d   Thumb Code    10  commonplan.o(.text)
    My_STM32_disable_interrupts              0x08007657   Thumb Code    10  commonplan.o(.text)
    Get_AHRS_Sensor_Val                      0x08007661   Thumb Code   316  commonplan.o(.text)
    Get_Ref_Euler                            0x0800779d   Thumb Code  1366  commonplan.o(.text)
    HomeLocationPrepare                      0x08007cf3   Thumb Code  2086  commonplan.o(.text)
    GPS_Dates_Deal                           0x08008519   Thumb Code  1176  commonplan.o(.text)
    Rx_eCompassVal                           0x080089b1   Thumb Code   892  commonplan.o(.text)
    Write_eCompassVal2Flash                  0x08008d2d   Thumb Code   270  commonplan.o(.text)
    Read_Flash2eCompassVal                   0x08008e3b   Thumb Code   284  commonplan.o(.text)
    eCompass_Estimate_Effect                 0x08008f57   Thumb Code   674  commonplan.o(.text)
    eCompassClibration                       0x080091f9   Thumb Code   166  commonplan.o(.text)
    Quaternion2Tnb                           0x080092c9   Thumb Code   290  commonconversions.o(.text)
    Quaternion2Tbn                           0x080093eb   Thumb Code   290  commonconversions.o(.text)
    Quaternion2Euler                         0x0800950d   Thumb Code   272  commonconversions.o(.text)
    Euler2Quaternion                         0x0800961d   Thumb Code   492  commonconversions.o(.text)
    A_Fixed2B_Fixed                          0x08009809   Thumb Code   148  commonconversions.o(.text)
    Quaternion2NED                           0x0800989d   Thumb Code    28  commonconversions.o(.text)
    Cal_Vel_NED                              0x080098b9   Thumb Code   222  commonconversions.o(.text)
    Cal_Pos_NED                              0x08009997   Thumb Code   250  commonconversions.o(.text)
    Matrix_3X3_Inv                           0x08009a91   Thumb Code   962  commonconversions.o(.text)
    Matrix_4X4_Inv                           0x08009e53   Thumb Code   932  commonconversions.o(.text)
    Matrix_6X6_Inv                           0x0800a1f7   Thumb Code   954  commonconversions.o(.text)
    Matrix_7X7_Inv                           0x0800a5b1   Thumb Code   944  commonconversions.o(.text)
    Matrix_10X10_Inv                         0x0800a961   Thumb Code   962  commonconversions.o(.text)
    Matrix_Tran                              0x0800ad23   Thumb Code    74  commonconversions.o(.text)
    ML_R_X_ML_R                              0x0800ad6d   Thumb Code   128  commonconversions.o(.text)
    swap                                     0x0800aded   Thumb Code    22  commonconversions.o(.text)
    inv                                      0x0800ae03   Thumb Code   638  commonconversions.o(.text)
    EKF_INS_GPS_Run                          0x0800cc41   Thumb Code   392  ekf_ins_gps_estimator.o(.text)
    List_MaxMin                              0x0800ce35   Thumb Code    42  pid.o(.text)
    PID_Parameter_Clear                      0x0800ce5f   Thumb Code    42  pid.o(.text)
    Positional_PID_Control                   0x0800ce89   Thumb Code   320  pid.o(.text)
    My_Aircraft_init                         0x0800cfe5   Thumb Code   196  attitudecontrol.o(.text)
    PID_RESET                                0x0800d213   Thumb Code    22  attitudecontrol.o(.text)
    Attitude_Control                         0x0800d229   Thumb Code   954  attitudecontrol.o(.text)
    malloc                                   0x0800d609   Thumb Code    94  h1_alloc.o(.text)
    free                                     0x0800d667   Thumb Code    78  h1_free.o(.text)
    strstr                                   0x0800d6b5   Thumb Code    36  strstr.o(.text)
    __aeabi_memcpy4                          0x0800d6d9   Thumb Code     0  rt_memcpy_w.o(.text)
    __aeabi_memcpy8                          0x0800d6d9   Thumb Code     0  rt_memcpy_w.o(.text)
    __rt_memcpy_w                            0x0800d6d9   Thumb Code   100  rt_memcpy_w.o(.text)
    _memcpy_lastbytes_aligned                0x0800d721   Thumb Code     0  rt_memcpy_w.o(.text)
    __use_two_region_memory                  0x0800d73d   Thumb Code     2  heapauxi.o(.text)
    __rt_heap_escrow                         0x0800d73f   Thumb Code     2  heapauxi.o(.text)
    __rt_heap_expand                         0x0800d741   Thumb Code     2  heapauxi.o(.text)
    __rt_heap_descriptor                     0x0800d745   Thumb Code     8  rt_heap_descriptor_intlibspace.o(.text)
    __use_no_heap                            0x0800d74d   Thumb Code     2  hguard.o(.text)
    __heap$guard                             0x0800d74f   Thumb Code     2  hguard.o(.text)
    _terminate_user_alloc                    0x0800d751   Thumb Code     2  init_alloc.o(.text)
    _init_user_alloc                         0x0800d753   Thumb Code     2  init_alloc.o(.text)
    __Heap_Full                              0x0800d755   Thumb Code    34  init_alloc.o(.text)
    __Heap_Broken                            0x0800d777   Thumb Code     6  init_alloc.o(.text)
    _init_alloc                              0x0800d77d   Thumb Code    94  init_alloc.o(.text)
    __Heap_Initialize                        0x0800d7db   Thumb Code    10  h1_init.o(.text)
    __Heap_DescSize                          0x0800d7e5   Thumb Code     4  h1_init.o(.text)
    __read_errno                             0x0800d7e9   Thumb Code    10  _rserrno.o(.text)
    __set_errno                              0x0800d7f3   Thumb Code    12  _rserrno.o(.text)
    __user_libspace                          0x0800d801   Thumb Code     8  libspace.o(.text)
    __user_perproc_libspace                  0x0800d801   Thumb Code     0  libspace.o(.text)
    __user_perthread_libspace                0x0800d801   Thumb Code     0  libspace.o(.text)
    __aeabi_errno_addr                       0x0800d809   Thumb Code     8  rt_errno_addr_intlibspace.o(.text)
    __errno$intlibspace                      0x0800d809   Thumb Code     0  rt_errno_addr_intlibspace.o(.text)
    __rt_errno_addr$intlibspace              0x0800d809   Thumb Code     0  rt_errno_addr_intlibspace.o(.text)
    __Heap_ProvideMemory                     0x0800d811   Thumb Code    52  h1_extend.o(.text)
    __rt_SIGRTMEM                            0x0800d845   Thumb Code    14  defsig_rtmem_outer.o(.text)
    __I$use$semihosting                      0x0800d853   Thumb Code     0  use_no_semi.o(.text)
    __use_no_semihosting_swi                 0x0800d853   Thumb Code     2  use_no_semi.o(.text)
    __semihosting_library_function           0x0800d855   Thumb Code     0  indicate_semi.o(.text)
    __user_setup_stackheap                   0x0800d855   Thumb Code    74  sys_stackheap_outer.o(.text)
    exit                                     0x0800d89f   Thumb Code    12  exit.o(.text)
    __sig_exit                               0x0800d8ab   Thumb Code    10  defsig_exit.o(.text)
    __rt_SIGRTMEM_inner                      0x0800d8b5   Thumb Code    22  defsig_rtmem_inner.o(.text)
    _sys_exit                                0x0800d905   Thumb Code     8  sys_exit.o(.text)
    __default_signal_display                 0x0800d911   Thumb Code    50  defsig_general.o(.text)
    _ttywrch                                 0x0800d943   Thumb Code    14  sys_wrch.o(.text)
    __ARM_fpclassify                         0x0800d951   Thumb Code    48  fpclassify.o(i.__ARM_fpclassify)
    __ARM_fpclassifyf                        0x0800d981   Thumb Code    38  fpclassifyf.o(i.__ARM_fpclassifyf)
    __hardfp_asinf                           0x0800d9a9   Thumb Code   250  asinf.o(i.__hardfp_asinf)
    __hardfp_atan                            0x0800dad1   Thumb Code   636  atan.o(i.__hardfp_atan)
    __hardfp_atan2                           0x0800ddb9   Thumb Code   416  atan2.o(i.__hardfp_atan2)
    __hardfp_atan2f                          0x0800df99   Thumb Code   486  atan2f.o(i.__hardfp_atan2f)
    __hardfp_cos                             0x0800e1e1   Thumb Code   200  cos.o(i.__hardfp_cos)
    __hardfp_fabs                            0x0800e2b9   Thumb Code    20  fabs.o(i.__hardfp_fabs)
    __hardfp_powf                            0x0800e2d1   Thumb Code  1542  powf.o(i.__hardfp_powf)
    __mathlib_powf                           0x0800e2d1   Thumb Code     0  powf.o(i.__hardfp_powf)
    __hardfp_sin                             0x0800e901   Thumb Code   200  sin.o(i.__hardfp_sin)
    __hardfp_sqrt                            0x0800e9d9   Thumb Code   122  sqrt.o(i.__hardfp_sqrt)
    __ieee754_rem_pio2                       0x0800ea59   Thumb Code   972  rred.o(i.__ieee754_rem_pio2)
    __kernel_cos                             0x0800eeb1   Thumb Code   322  cos_i.o(i.__kernel_cos)
    __kernel_poly                            0x0800f021   Thumb Code   248  poly.o(i.__kernel_poly)
    __kernel_sin                             0x0800f119   Thumb Code   280  sin_i.o(i.__kernel_sin)
    __mathlib_dbl_underflow                  0x0800f249   Thumb Code    24  dunder.o(i.__mathlib_dbl_underflow)
    __mathlib_flt_underflow                  0x0800f269   Thumb Code    10  funder.o(i.__mathlib_flt_underflow)
    atan                                     0x0800f279   Thumb Code    16  atan.o(i.atan)
    fabs                                     0x0800f289   Thumb Code    32  fabs.o(i.fabs)
    sqrtf                                    0x0800f2a9   Thumb Code    62  sqrtf.o(i.sqrtf)
    __aeabi_dneg                             0x0800f2e7   Thumb Code     0  basic.o(x$fpl$basic)
    _dneg                                    0x0800f2e7   Thumb Code     6  basic.o(x$fpl$basic)
    __aeabi_fneg                             0x0800f2ed   Thumb Code     0  basic.o(x$fpl$basic)
    _fneg                                    0x0800f2ed   Thumb Code     6  basic.o(x$fpl$basic)
    _dabs                                    0x0800f2f3   Thumb Code     6  basic.o(x$fpl$basic)
    _fabs                                    0x0800f2f9   Thumb Code     6  basic.o(x$fpl$basic)
    __aeabi_d2f                              0x0800f301   Thumb Code     0  d2f.o(x$fpl$d2f)
    _d2f                                     0x0800f301   Thumb Code    98  d2f.o(x$fpl$d2f)
    __aeabi_dadd                             0x0800f365   Thumb Code     0  daddsub_clz.o(x$fpl$dadd)
    _dadd                                    0x0800f365   Thumb Code   332  daddsub_clz.o(x$fpl$dadd)
    __fpl_dcmp_Inf                           0x0800f4b5   Thumb Code    24  dcmpi.o(x$fpl$dcmpinf)
    __aeabi_ddiv                             0x0800f4cd   Thumb Code     0  ddiv.o(x$fpl$ddiv)
    _ddiv                                    0x0800f4cd   Thumb Code   552  ddiv.o(x$fpl$ddiv)
    __aeabi_d2iz                             0x0800f77d   Thumb Code     0  dfix.o(x$fpl$dfix)
    _dfix                                    0x0800f77d   Thumb Code    94  dfix.o(x$fpl$dfix)
    __aeabi_i2d                              0x0800f7db   Thumb Code     0  dflt_clz.o(x$fpl$dflt)
    _dflt                                    0x0800f7db   Thumb Code    46  dflt_clz.o(x$fpl$dflt)
    __aeabi_ui2d                             0x0800f809   Thumb Code     0  dflt_clz.o(x$fpl$dfltu)
    _dfltu                                   0x0800f809   Thumb Code    38  dflt_clz.o(x$fpl$dfltu)
    __aeabi_cdcmple                          0x0800f831   Thumb Code     0  dleqf.o(x$fpl$dleqf)
    _dcmple                                  0x0800f831   Thumb Code   120  dleqf.o(x$fpl$dleqf)
    __fpl_dcmple_InfNaN                      0x0800f893   Thumb Code     0  dleqf.o(x$fpl$dleqf)
    __aeabi_dmul                             0x0800f8a9   Thumb Code     0  dmul.o(x$fpl$dmul)
    _dmul                                    0x0800f8a9   Thumb Code   332  dmul.o(x$fpl$dmul)
    __fpl_dnaninf                            0x0800f9fd   Thumb Code   156  dnaninf.o(x$fpl$dnaninf)
    __fpl_dretinf                            0x0800fa99   Thumb Code    12  dretinf.o(x$fpl$dretinf)
    __aeabi_cdrcmple                         0x0800faa5   Thumb Code     0  drleqf.o(x$fpl$drleqf)
    _drcmple                                 0x0800faa5   Thumb Code   108  drleqf.o(x$fpl$drleqf)
    __aeabi_drsub                            0x0800fb11   Thumb Code     0  daddsub_clz.o(x$fpl$drsb)
    _drsb                                    0x0800fb11   Thumb Code    22  daddsub_clz.o(x$fpl$drsb)
    _dsqrt                                   0x0800fb29   Thumb Code   404  dsqrt_umaal.o(x$fpl$dsqrt)
    __aeabi_dsub                             0x0800fcc1   Thumb Code     0  daddsub_clz.o(x$fpl$dsub)
    _dsub                                    0x0800fcc1   Thumb Code   464  daddsub_clz.o(x$fpl$dsub)
    __aeabi_f2d                              0x0800fe95   Thumb Code     0  f2d.o(x$fpl$f2d)
    _f2d                                     0x0800fe95   Thumb Code    86  f2d.o(x$fpl$f2d)
    __fpl_fnaninf                            0x0800feeb   Thumb Code   140  fnaninf.o(x$fpl$fnaninf)
    _fp_init                                 0x0800ff77   Thumb Code    10  fpinit.o(x$fpl$fpinit)
    __fplib_config_fpu_vfp                   0x0800ff7f   Thumb Code     0  fpinit.o(x$fpl$fpinit)
    __fplib_config_pureend_doubles           0x0800ff7f   Thumb Code     0  fpinit.o(x$fpl$fpinit)
    __fpl_fretinf                            0x0800ff81   Thumb Code    10  fretinf.o(x$fpl$fretinf)
    AsciiMat                                 0x0800ff8a   Data        1615  my_oled.o(.constdata)
    __I$use$fp                               0x0800ff8a   Number         0  usenofp.o(x$fpl$usenofp)
    Gb2312Mat                                0x080105d9   Data         735  my_oled.o(.constdata)
    iphone6                                  0x080108b8   Data        1024  my_oled.o(.constdata)
    __mathlib_zero                           0x08010ec0   Data           8  qnan.o(.constdata)
    Region$$Table$$Base                      0x08010fb8   Number         0  anon$$obj.o(Region$$Table)
    Region$$Table$$Limit                     0x08010fd8   Number         0  anon$$obj.o(Region$$Table)
    SystemCoreClock                          0x20000010   Data           4  system_stm32f4xx.o(.data)
    AHBPrescTable                            0x20000014   Data          16  system_stm32f4xx.o(.data)
    oos                                      0x20000024   Data           1  my_i2c.o(.data)
    mux_bytes_val                            0x20000028   Data           4  my_usart.o(.data)
    Global_Heading_Ref                       0x2000002c   Data           4  system_init.o(.data)
    Global_Heading_MAX_Ref                   0x20000030   Data           4  system_init.o(.data)
    Global_Heading_MIN_Ref                   0x20000034   Data           4  system_init.o(.data)
    isFirst                                  0x20000038   Data           1  system_init.o(.data)
    Global_GPS_Ref_Sample_NONE               0x20000039   Data           1  system_init.o(.data)
    Global_HOME_Check_NONE                   0x2000003a   Data           1  system_init.o(.data)
    Global_GPS_Health                        0x2000003b   Data           1  system_init.o(.data)
    Global_RC_UNLOCK                         0x2000003c   Data           1  system_init.o(.data)
    Global_U_Height                          0x2000003e   Data           2  system_init.o(.data)
    config_baudrate                          0x20000040   Data          12  system_init.o(.data)
    config_INT_EN_Flag                       0x2000004c   Data           3  system_init.o(.data)
    Global_RunTime                           0x20000050   Data           4  system_init.o(.data)
    Global_Gyro_Val                          0x20000054   Data           6  system_init.o(.data)
    Global_Accle_Val                         0x2000005a   Data           6  system_init.o(.data)
    Global_Mag_Val                           0x20000060   Data           6  system_init.o(.data)
    Global_Mag_Offset_Val                    0x20000066   Data           6  system_init.o(.data)
    Global_hgtRef                            0x2000006c   Data           4  system_init.o(.data)
    Global_Altitude_Sensor                   0x20000070   Data           8  system_init.o(.data)
    ssdas                                    0x20000122   Data           1  mpu6050.o(.data)
    isd                                      0x20000123   Data           1  mpu6050.o(.data)
    altitudeTMP                              0x200001b8   Data           4  commonplan.o(.data)
    Motor_output                             0x20000212   Data           8  attitudecontrol.o(.data)
    oled_content                             0x2000021c   Data          64  my_oled.o(.bss)
    Aircraft                                 0x20000270   Data         100  system_init.o(.bss)
    Mag_LSM303D_Calibration                  0x200002d4   Data         284  system_init.o(.bss)
    Flash_Mag_LSM303D_Calibration            0x200003f0   Data          12  system_init.o(.bss)
    Global_Now_Euler                         0x200003fc   Data          12  system_init.o(.bss)
    Global_Expect_Euler                      0x20000408   Data          12  system_init.o(.bss)
    Global_W_Rate                            0x20000414   Data          12  system_init.o(.bss)
    Global_MPU6050_Gyro_Offset_Val           0x20000420   Data          24  system_init.o(.bss)
    Global_L3GD20_Gyro_Offset_Val            0x20000438   Data          24  system_init.o(.bss)
    Global_Show_Val                          0x20000450   Data          88  system_init.o(.bss)
    Global_uint8_Val                         0x200004a8   Data        1024  system_init.o(.bss)
    Global_DMA2_Stream5_Rx_Buf               0x200008a8   Data        1024  system_init.o(.bss)
    Global_DMA1_Stream5_Rx_Buf               0x20000ca8   Data        1024  system_init.o(.bss)
    Global_DMA1_Stream1_Rx_Buf               0x200010a8   Data        1024  system_init.o(.bss)
    g_gps                                    0x200014a8   Data         287  system_init.o(.bss)
    Global_accle_m_s2                        0x200015c8   Data          12  system_init.o(.bss)
    Global_gyro_rad_s                        0x200015d4   Data          12  system_init.o(.bss)
    Global_Q                                 0x200015e0   Data          16  system_init.o(.bss)
    Global_Init_Q                            0x200015f0   Data          16  system_init.o(.bss)
    Nav                                      0x20001600   Data          64  system_init.o(.bss)
    Global_Mag_Sensor                        0x20001640   Data          60  system_init.o(.bss)
    Global_Accel_Sensor                      0x2000167c   Data          80  system_init.o(.bss)
    Global_Gyro_Sensor                       0x200016cc   Data          72  system_init.o(.bss)
    Global_GPS_Sensor                        0x20001714   Data          40  system_init.o(.bss)
    Global_RC                                0x2000173c   Data          12  system_init.o(.bss)
    Roll_X_Cal                               0x200043a0   Data          60  attitudecontrol.o(.bss)
    Pitch_Y_Cal                              0x200043dc   Data          60  attitudecontrol.o(.bss)
    Yaw_Z_Cal                                0x20004418   Data          60  attitudecontrol.o(.bss)
    W_Rate                                   0x20004454   Data          12  attitudecontrol.o(.bss)
    __libspace_start                         0x20004460   Data          96  libspace.o(.bss)
    __temporary_stack_top$libspace           0x200044c0   Data           0  libspace.o(.bss)



==============================================================================

Memory Map of the image

  Image Entry point : 0x08000189

  Load Region LR_IROM1 (Base: 0x08000000, Size: 0x000111f4, Max: 0x00100000, ABSOLUTE, COMPRESSED[0x00011024])

    Execution Region ER_IROM1 (Base: 0x08000000, Size: 0x00010fd8, Max: 0x00100000, ABSOLUTE)

    Base Addr    Size         Type   Attr      Idx    E Section Name        Object

    0x08000000   0x00000188   Data   RO            3    RESET               startup_stm32f4xx.o
    0x08000188   0x00000008   Code   RO         1296  * !!!main             c_w.l(__main.o)
    0x08000190   0x00000034   Code   RO         1693    !!!scatter          c_w.l(__scatter.o)
    0x080001c4   0x0000005a   Code   RO         1691    !!dczerorl2         c_w.l(__dczerorl2.o)
    0x0800021e   0x00000002   PAD
    0x08000220   0x0000001c   Code   RO         1695    !!handler_zi        c_w.l(__scatter_zi.o)
    0x0800023c   0x00000002   Code   RO         1631    .ARM.Collect$$libinit$$00000000  c_w.l(libinit.o)
    0x0800023e   0x00000004   Code   RO         1448    .ARM.Collect$$libinit$$00000001  c_w.l(libinit2.o)
    0x08000242   0x00000008   Code   RO         1450    .ARM.Collect$$libinit$$00000003  c_w.l(libinit2.o)
    0x0800024a   0x00000000   Code   RO         1452    .ARM.Collect$$libinit$$00000008  c_w.l(libinit2.o)
    0x0800024a   0x00000000   Code   RO         1454    .ARM.Collect$$libinit$$0000000A  c_w.l(libinit2.o)
    0x0800024a   0x00000000   Code   RO         1456    .ARM.Collect$$libinit$$0000000C  c_w.l(libinit2.o)
    0x0800024a   0x00000000   Code   RO         1459    .ARM.Collect$$libinit$$0000000F  c_w.l(libinit2.o)
    0x0800024a   0x00000000   Code   RO         1461    .ARM.Collect$$libinit$$00000011  c_w.l(libinit2.o)
    0x0800024a   0x00000000   Code   RO         1463    .ARM.Collect$$libinit$$00000013  c_w.l(libinit2.o)
    0x0800024a   0x00000000   Code   RO         1465    .ARM.Collect$$libinit$$00000015  c_w.l(libinit2.o)
    0x0800024a   0x00000000   Code   RO         1467    .ARM.Collect$$libinit$$00000017  c_w.l(libinit2.o)
    0x0800024a   0x00000000   Code   RO         1469    .ARM.Collect$$libinit$$00000019  c_w.l(libinit2.o)
    0x0800024a   0x00000000   Code   RO         1471    .ARM.Collect$$libinit$$0000001B  c_w.l(libinit2.o)
    0x0800024a   0x00000000   Code   RO         1473    .ARM.Collect$$libinit$$0000001D  c_w.l(libinit2.o)
    0x0800024a   0x00000000   Code   RO         1475    .ARM.Collect$$libinit$$0000001F  c_w.l(libinit2.o)
    0x0800024a   0x00000000   Code   RO         1477    .ARM.Collect$$libinit$$00000021  c_w.l(libinit2.o)
    0x0800024a   0x00000000   Code   RO         1479    .ARM.Collect$$libinit$$00000023  c_w.l(libinit2.o)
    0x0800024a   0x00000000   Code   RO         1483    .ARM.Collect$$libinit$$0000002A  c_w.l(libinit2.o)
    0x0800024a   0x00000000   Code   RO         1485    .ARM.Collect$$libinit$$0000002C  c_w.l(libinit2.o)
    0x0800024a   0x00000000   Code   RO         1487    .ARM.Collect$$libinit$$0000002E  c_w.l(libinit2.o)
    0x0800024a   0x00000000   Code   RO         1489    .ARM.Collect$$libinit$$00000030  c_w.l(libinit2.o)
    0x0800024a   0x00000002   Code   RO         1490    .ARM.Collect$$libinit$$00000031  c_w.l(libinit2.o)
    0x0800024c   0x00000002   Code   RO         1688    .ARM.Collect$$libshutdown$$00000000  c_w.l(libshutdown.o)
    0x0800024e   0x00000000   Code   RO         1646    .ARM.Collect$$libshutdown$$00000003  c_w.l(libshutdown2.o)
    0x0800024e   0x00000000   Code   RO         1649    .ARM.Collect$$libshutdown$$00000006  c_w.l(libshutdown2.o)
    0x0800024e   0x00000000   Code   RO         1652    .ARM.Collect$$libshutdown$$00000009  c_w.l(libshutdown2.o)
    0x0800024e   0x00000000   Code   RO         1654    .ARM.Collect$$libshutdown$$0000000B  c_w.l(libshutdown2.o)
    0x0800024e   0x00000000   Code   RO         1657    .ARM.Collect$$libshutdown$$0000000E  c_w.l(libshutdown2.o)
    0x0800024e   0x00000002   Code   RO         1658    .ARM.Collect$$libshutdown$$0000000F  c_w.l(libshutdown2.o)
    0x08000250   0x00000000   Code   RO         1418    .ARM.Collect$$rtentry$$00000000  c_w.l(rtentry.o)
    0x08000250   0x00000000   Code   RO         1559    .ARM.Collect$$rtentry$$00000002  c_w.l(rtentry2.o)
    0x08000250   0x00000006   Code   RO         1571    .ARM.Collect$$rtentry$$00000004  c_w.l(rtentry4.o)
    0x08000256   0x00000000   Code   RO         1561    .ARM.Collect$$rtentry$$00000009  c_w.l(rtentry2.o)
    0x08000256   0x00000004   Code   RO         1562    .ARM.Collect$$rtentry$$0000000A  c_w.l(rtentry2.o)
    0x0800025a   0x00000000   Code   RO         1564    .ARM.Collect$$rtentry$$0000000C  c_w.l(rtentry2.o)
    0x0800025a   0x00000008   Code   RO         1565    .ARM.Collect$$rtentry$$0000000D  c_w.l(rtentry2.o)
    0x08000262   0x00000002   Code   RO         1634    .ARM.Collect$$rtexit$$00000000  c_w.l(rtexit.o)
    0x08000264   0x00000000   Code   RO         1662    .ARM.Collect$$rtexit$$00000002  c_w.l(rtexit2.o)
    0x08000264   0x00000004   Code   RO         1663    .ARM.Collect$$rtexit$$00000003  c_w.l(rtexit2.o)
    0x08000268   0x00000006   Code   RO         1664    .ARM.Collect$$rtexit$$00000004  c_w.l(rtexit2.o)
    0x0800026e   0x00000002   PAD
    0x08000270   0x00000000   Code   RO         1580    .emb_text           c_w.l(maybetermalloc1.o)
    0x08000270   0x00000040   Code   RO            4    .text               startup_stm32f4xx.o
    0x080002b0   0x000000e4   Code   RO           11    .text               misc.o
    0x08000394   0x000003a4   Code   RO          268    .text               stm32f4xx_dma.o
    0x08000738   0x000004c8   Code   RO          300    .text               stm32f4xx_flash.o
    0x08000c00   0x0000025c   Code   RO          332    .text               stm32f4xx_gpio.o
    0x08000e5c   0x00000588   Code   RO          453    .text               stm32f4xx_rcc.o
    0x080013e4   0x00000ca2   Code   RO          563    .text               stm32f4xx_tim.o
    0x08002086   0x00000002   PAD
    0x08002088   0x0000041a   Code   RO          579    .text               stm32f4xx_usart.o
    0x080024a2   0x00000002   PAD
    0x080024a4   0x0000008c   Code   RO          614    .text               main.o
    0x08002530   0x0000020c   Code   RO          726    .text               system_stm32f4xx.o
    0x0800273c   0x0000019c   Code   RO          748    .text               delay.o
    0x080028d8   0x0000030c   Code   RO          764    .text               my_i2c.o
    0x08002be4   0x0000005c   Code   RO          783    .text               my_led.o
    0x08002c40   0x000001c4   Code   RO          799    .text               my_flash.o
    0x08002e04   0x0000056c   Code   RO          815    .text               my_timer.o
    0x08003370   0x00000738   Code   RO          835    .text               my_oled.o
    0x08003aa8   0x0000052c   Code   RO          856    .text               my_usart.o
    0x08003fd4   0x00000048   Code   RO          875    .text               system_init.o
    0x0800401c   0x00000e04   Code   RO          901    .text               system_events.o
    0x08004e20   0x000006d8   Code   RO          930    .text               l3gd20.o
    0x080054f8   0x0000065c   Code   RO          949    .text               ms5611.o
    0x08005b54   0x000006c0   Code   RO          971    .text               lsm303d.o
    0x08006214   0x00000828   Code   RO          989    .text               mpu6050.o
    0x08006a3c   0x00000054   Code   RO         1009    .text               hc_sr04.o
    0x08006a90   0x00000284   Code   RO         1025    .text               hmc5883l.o
    0x08006d14   0x00000938   Code   RO         1042    .text               gps_neo_m8n.o
    0x0800764c   0x00001c7c   Code   RO         1058    .text               commonplan.o
    0x080092c8   0x00001db8   Code   RO         1084    .text               commonconversions.o
    0x0800b080   0x00001db4   Code   RO         1156    .text               ekf_ins_gps_estimator.o
    0x0800ce34   0x000001b0   Code   RO         1175    .text               pid.o
    0x0800cfe4   0x00000624   Code   RO         1194    .text               attitudecontrol.o
    0x0800d608   0x0000005e   Code   RO         1232    .text               c_w.l(h1_alloc.o)
    0x0800d666   0x0000004e   Code   RO         1234    .text               c_w.l(h1_free.o)
    0x0800d6b4   0x00000024   Code   RO         1290    .text               c_w.l(strstr.o)
    0x0800d6d8   0x00000064   Code   RO         1292    .text               c_w.l(rt_memcpy_w.o)
    0x0800d73c   0x00000006   Code   RO         1294    .text               c_w.l(heapauxi.o)
    0x0800d742   0x00000002   PAD
    0x0800d744   0x00000008   Code   RO         1422    .text               c_w.l(rt_heap_descriptor_intlibspace.o)
    0x0800d74c   0x00000004   Code   RO         1424    .text               c_w.l(hguard.o)
    0x0800d750   0x0000008a   Code   RO         1426    .text               c_w.l(init_alloc.o)
    0x0800d7da   0x0000000e   Code   RO         1430    .text               c_w.l(h1_init.o)
    0x0800d7e8   0x00000016   Code   RO         1444    .text               c_w.l(_rserrno.o)
    0x0800d7fe   0x00000002   PAD
    0x0800d800   0x00000008   Code   RO         1555    .text               c_w.l(libspace.o)
    0x0800d808   0x00000008   Code   RO         1576    .text               c_w.l(rt_errno_addr_intlibspace.o)
    0x0800d810   0x00000034   Code   RO         1582    .text               c_w.l(h1_extend.o)
    0x0800d844   0x0000000e   Code   RO         1586    .text               c_w.l(defsig_rtmem_outer.o)
    0x0800d852   0x00000002   Code   RO         1607    .text               c_w.l(use_no_semi.o)
    0x0800d854   0x00000000   Code   RO         1609    .text               c_w.l(indicate_semi.o)
    0x0800d854   0x0000004a   Code   RO         1610    .text               c_w.l(sys_stackheap_outer.o)
    0x0800d89e   0x0000000c   Code   RO         1616    .text               c_w.l(exit.o)
    0x0800d8aa   0x0000000a   Code   RO         1618    .text               c_w.l(defsig_exit.o)
    0x0800d8b4   0x00000050   Code   RO         1620    .text               c_w.l(defsig_rtmem_inner.o)
    0x0800d904   0x0000000c   Code   RO         1632    .text               c_w.l(sys_exit.o)
    0x0800d910   0x00000032   Code   RO         1642    .text               c_w.l(defsig_general.o)
    0x0800d942   0x0000000e   Code   RO         1659    .text               c_w.l(sys_wrch.o)
    0x0800d950   0x00000030   Code   RO         1603    i.__ARM_fpclassify  m_wm.l(fpclassify.o)
    0x0800d980   0x00000026   Code   RO         1525    i.__ARM_fpclassifyf  m_wm.l(fpclassifyf.o)
    0x0800d9a6   0x00000002   PAD
    0x0800d9a8   0x00000124   Code   RO         1324    i.__hardfp_asinf    m_wm.l(asinf.o)
    0x0800dacc   0x00000004   PAD
    0x0800dad0   0x000002e8   Code   RO         1508    i.__hardfp_atan     m_wm.l(atan.o)
    0x0800ddb8   0x000001e0   Code   RO         1336    i.__hardfp_atan2    m_wm.l(atan2.o)
    0x0800df98   0x00000248   Code   RO         1348    i.__hardfp_atan2f   m_wm.l(atan2f.o)
    0x0800e1e0   0x000000d8   Code   RO         1360    i.__hardfp_cos      m_wm.l(cos.o)
    0x0800e2b8   0x00000014   Code   RO         1372    i.__hardfp_fabs     m_wm.l(fabs.o)
    0x0800e2cc   0x00000004   PAD
    0x0800e2d0   0x0000062c   Code   RO         1378    i.__hardfp_powf     m_wm.l(powf.o)
    0x0800e8fc   0x00000004   PAD
    0x0800e900   0x000000d8   Code   RO         1392    i.__hardfp_sin      m_wm.l(sin.o)
    0x0800e9d8   0x0000007a   Code   RO         1404    i.__hardfp_sqrt     m_wm.l(sqrt.o)
    0x0800ea52   0x00000006   PAD
    0x0800ea58   0x00000458   Code   RO         1530    i.__ieee754_rem_pio2  m_wm.l(rred.o)
    0x0800eeb0   0x00000170   Code   RO         1522    i.__kernel_cos      m_wm.l(cos_i.o)
    0x0800f020   0x000000f8   Code   RO         1605    i.__kernel_poly     m_wm.l(poly.o)
    0x0800f118   0x00000130   Code   RO         1535    i.__kernel_sin      m_wm.l(sin_i.o)
    0x0800f248   0x00000020   Code   RO         1601    i.__mathlib_dbl_underflow  m_wm.l(dunder.o)
    0x0800f268   0x00000010   Code   RO         1527    i.__mathlib_flt_underflow  m_wm.l(funder.o)
    0x0800f278   0x00000010   Code   RO         1510    i.atan              m_wm.l(atan.o)
    0x0800f288   0x00000020   Code   RO         1374    i.fabs              m_wm.l(fabs.o)
    0x0800f2a8   0x0000003e   Code   RO         1543    i.sqrtf             m_wm.l(sqrtf.o)
    0x0800f2e6   0x00000018   Code   RO         1491    x$fpl$basic         fz_wm.l(basic.o)
    0x0800f2fe   0x00000002   PAD
    0x0800f300   0x00000062   Code   RO         1298    x$fpl$d2f           fz_wm.l(d2f.o)
    0x0800f362   0x00000002   PAD
    0x0800f364   0x00000150   Code   RO         1300    x$fpl$dadd          fz_wm.l(daddsub_clz.o)
    0x0800f4b4   0x00000018   Code   RO         1493    x$fpl$dcmpinf       fz_wm.l(dcmpi.o)
    0x0800f4cc   0x000002b0   Code   RO         1307    x$fpl$ddiv          fz_wm.l(ddiv.o)
    0x0800f77c   0x0000005e   Code   RO         1595    x$fpl$dfix          fz_wm.l(dfix.o)
    0x0800f7da   0x0000002e   Code   RO         1311    x$fpl$dflt          fz_wm.l(dflt_clz.o)
    0x0800f808   0x00000026   Code   RO         1310    x$fpl$dfltu         fz_wm.l(dflt_clz.o)
    0x0800f82e   0x00000002   PAD
    0x0800f830   0x00000078   Code   RO         1316    x$fpl$dleqf         fz_wm.l(dleqf.o)
    0x0800f8a8   0x00000154   Code   RO         1318    x$fpl$dmul          fz_wm.l(dmul.o)
    0x0800f9fc   0x0000009c   Code   RO         1495    x$fpl$dnaninf       fz_wm.l(dnaninf.o)
    0x0800fa98   0x0000000c   Code   RO         1497    x$fpl$dretinf       fz_wm.l(dretinf.o)
    0x0800faa4   0x0000006c   Code   RO         1320    x$fpl$drleqf        fz_wm.l(drleqf.o)
    0x0800fb10   0x00000016   Code   RO         1301    x$fpl$drsb          fz_wm.l(daddsub_clz.o)
    0x0800fb26   0x00000002   PAD
    0x0800fb28   0x00000198   Code   RO         1499    x$fpl$dsqrt         fz_wm.l(dsqrt_umaal.o)
    0x0800fcc0   0x000001d4   Code   RO         1302    x$fpl$dsub          fz_wm.l(daddsub_clz.o)
    0x0800fe94   0x00000056   Code   RO         1322    x$fpl$f2d           fz_wm.l(f2d.o)
    0x0800feea   0x0000008c   Code   RO         1501    x$fpl$fnaninf       fz_wm.l(fnaninf.o)
    0x0800ff76   0x0000000a   Code   RO         1599    x$fpl$fpinit        fz_wm.l(fpinit.o)
    0x0800ff80   0x0000000a   Code   RO         1503    x$fpl$fretinf       fz_wm.l(fretinf.o)
    0x0800ff8a   0x00000000   Code   RO         1507    x$fpl$usenofp       fz_wm.l(usenofp.o)
    0x0800ff8a   0x00000d2e   Data   RO          837    .constdata          my_oled.o
    0x08010cb8   0x00000140   Data   RO         1381    .constdata          m_wm.l(powf.o)
    0x08010df8   0x00000098   Data   RO         1511    .constdata          m_wm.l(atan.o)
    0x08010e90   0x00000030   Data   RO         1523    .constdata          m_wm.l(cos_i.o)
    0x08010ec0   0x00000008   Data   RO         1529    .constdata          m_wm.l(qnan.o)
    0x08010ec8   0x000000c8   Data   RO         1532    .constdata          m_wm.l(rred.o)
    0x08010f90   0x00000028   Data   RO         1536    .constdata          m_wm.l(sin_i.o)
    0x08010fb8   0x00000020   Data   RO         1689    Region$$Table       anon$$obj.o


    Execution Region RW_IRAM1 (Base: 0x20000000, Size: 0x00004ac0, Max: 0x00020000, ABSOLUTE, COMPRESSED[0x0000004c])

    Base Addr    Size         Type   Attr      Idx    E Section Name        Object

    0x20000000   0x00000010   Data   RW          454    .data               stm32f4xx_rcc.o
    0x20000010   0x00000014   Data   RW          727    .data               system_stm32f4xx.o
    0x20000024   0x00000001   Data   RW          765    .data               my_i2c.o
    0x20000025   0x00000003   Data   RW          838    .data               my_oled.o
    0x20000028   0x00000004   Data   RW          857    .data               my_usart.o
    0x2000002c   0x0000004c   Data   RW          877    .data               system_init.o
    0x20000078   0x00000024   Data   RW          903    .data               system_events.o
    0x2000009c   0x0000000e   Data   RW          932    .data               l3gd20.o
    0x200000aa   0x00000002   PAD
    0x200000ac   0x00000054   Data   RW          951    .data               ms5611.o
    0x20000100   0x00000022   Data   RW          972    .data               lsm303d.o
    0x20000122   0x0000001a   Data   RW          991    .data               mpu6050.o
    0x2000013c   0x00000020   Data   RW         1026    .data               hmc5883l.o
    0x2000015c   0x00000004   PAD
    0x20000160   0x0000005c   Data   RW         1060    .data               commonplan.o
    0x200001bc   0x00000054   Data   RW         1158    .data               ekf_ins_gps_estimator.o
    0x20000210   0x0000000a   Data   RW         1196    .data               attitudecontrol.o
    0x2000021a   0x00000002   PAD
    0x2000021c   0x00000040   Zero   RW          836    .bss                my_oled.o
    0x2000025c   0x00000004   PAD
    0x20000260   0x000014e8   Zero   RW          876    .bss                system_init.o
    0x20001748   0x0000003c   Zero   RW          902    .bss                system_events.o
    0x20001784   0x00000004   PAD
    0x20001788   0x00000048   Zero   RW          931    .bss                l3gd20.o
    0x200017d0   0x000001b0   Zero   RW          950    .bss                ms5611.o
    0x20001980   0x00000048   Zero   RW          990    .bss                mpu6050.o
    0x200019c8   0x000001d4   Zero   RW         1059    .bss                commonplan.o
    0x20001b9c   0x00002804   Zero   RW         1157    .bss                ekf_ins_gps_estimator.o
    0x200043a0   0x000000c0   Zero   RW         1195    .bss                attitudecontrol.o
    0x20004460   0x00000060   Zero   RW         1556    .bss                c_w.l(libspace.o)
    0x200044c0   0x00000200   Zero   RW            2    HEAP                startup_stm32f4xx.o
    0x200046c0   0x00000400   Zero   RW            1    STACK               startup_stm32f4xx.o


==============================================================================

Image component sizes


      Code (inc. data)   RO Data    RW Data    ZI Data      Debug   Object Name

      1572        112          0         10        192       1925   attitudecontrol.o
      7608         32          0          0          0      10951   commonconversions.o
      7292        400          0         92        468       7130   commonplan.o
       412          0          0          0          0       1750   delay.o
      7604        582          0         84      10244       7266   ekf_ins_gps_estimator.o
      2360        126          0          0          0       5180   gps_neo_m8n.o
        84         14          0          0          0        901   hc_sr04.o
       644         40          0         32          0       1755   hmc5883l.o
      1752        106          0         14         72       1974   l3gd20.o
      1728        160          0         34          0       2810   lsm303d.o
       140         14          0          0          0       9386   main.o
       228         22          0          0          0     298289   misc.o
      2088        134          0         26         72       2454   mpu6050.o
      1628        190          0         84        432       3696   ms5611.o
       452         50          0          0          0       1920   my_flash.o
       780          8          0          1          0       2792   my_i2c.o
        92          4          0          0          0        516   my_led.o
      1848         50       3374          3         64       4833   my_oled.o
      1388         48          0          0          0      21813   my_timer.o
      1324         62          0          4          0       2815   my_usart.o
       432         28          0          0          0       2113   pid.o
        64         26        392          0       1536        852   startup_stm32f4xx.o
       932         32          0          0          0       6165   stm32f4xx_dma.o
      1224         24          0          0          0       6785   stm32f4xx_flash.o
       604         36          0          0          0       3937   stm32f4xx_gpio.o
      1416         48          0         16          0      10767   stm32f4xx_rcc.o
      3234         60          0          0          0      22172   stm32f4xx_tim.o
      1050         26          0          0          0       7644   stm32f4xx_usart.o
      3588        284          0         36         60       3164   system_events.o
        72          8          0         76       5352       6367   system_init.o
       524         44          0         20          0       1699   system_stm32f4xx.o

    ----------------------------------------------------------------------
     54168       2770       3798        540      18500     461821   Object Totals
         0          0         32          0          0          0   (incl. Generated)
         4          0          0          8          8          0   (incl. Padding)

    ----------------------------------------------------------------------

      Code (inc. data)   RO Data    RW Data    ZI Data      Debug   Library Member Name

        90          0          0          0          0          0   __dczerorl2.o
         8          0          0          0          0         68   __main.o
        52          8          0          0          0          0   __scatter.o
        28          0          0          0          0          0   __scatter_zi.o
        22          0          0          0          0        100   _rserrno.o
        10          0          0          0          0         68   defsig_exit.o
        50          0          0          0          0         88   defsig_general.o
        80         58          0          0          0         76   defsig_rtmem_inner.o
        14          0          0          0          0         80   defsig_rtmem_outer.o
        12          0          0          0          0         72   exit.o
        94          0          0          0          0         80   h1_alloc.o
        52          0          0          0          0         68   h1_extend.o
        78          0          0          0          0         80   h1_free.o
        14          0          0          0          0         84   h1_init.o
         6          0          0          0          0        152   heapauxi.o
         4          0          0          0          0        136   hguard.o
         0          0          0          0          0          0   indicate_semi.o
       138          0          0          0          0        168   init_alloc.o
         2          0          0          0          0          0   libinit.o
        14          0          0          0          0          0   libinit2.o
         2          0          0          0          0          0   libshutdown.o
         2          0          0          0          0          0   libshutdown2.o
         8          4          0          0         96         68   libspace.o
         0          0          0          0          0          0   maybetermalloc1.o
         8          4          0          0          0         68   rt_errno_addr_intlibspace.o
         8          4          0          0          0         68   rt_heap_descriptor_intlibspace.o
       100          0          0          0          0         80   rt_memcpy_w.o
         0          0          0          0          0          0   rtentry.o
        12          0          0          0          0          0   rtentry2.o
         6          0          0          0          0          0   rtentry4.o
         2          0          0          0          0          0   rtexit.o
        10          0          0          0          0          0   rtexit2.o
        36          0          0          0          0         80   strstr.o
        12          4          0          0          0         68   sys_exit.o
        74          0          0          0          0         80   sys_stackheap_outer.o
        14          0          0          0          0         76   sys_wrch.o
         2          0          0          0          0         68   use_no_semi.o
        24          0          0          0          0        164   basic.o
        98          4          0          0          0        140   d2f.o
       826         16          0          0          0        500   daddsub_clz.o
        24          0          0          0          0        116   dcmpi.o
       688        140          0          0          0        260   ddiv.o
        94          4          0          0          0        140   dfix.o
        84          0          0          0          0        232   dflt_clz.o
       120          4          0          0          0        140   dleqf.o
       340         12          0          0          0        152   dmul.o
       156          4          0          0          0        140   dnaninf.o
        12          0          0          0          0        116   dretinf.o
       108          0          0          0          0        128   drleqf.o
       408         56          0          0          0        168   dsqrt_umaal.o
        86          4          0          0          0        132   f2d.o
       140          4          0          0          0        132   fnaninf.o
        10          0          0          0          0        116   fpinit.o
        10          0          0          0          0        116   fretinf.o
         0          0          0          0          0          0   usenofp.o
       292         42          0          0          0        180   asinf.o
       760        108        152          0          0        344   atan.o
       480         64          0          0          0        156   atan2.o
       584         98          0          0          0        176   atan2f.o
       216         16          0          0          0        152   cos.o
       368         46         48          0          0        200   cos_i.o
        32          8          0          0          0        124   dunder.o
        52          0          0          0          0        248   fabs.o
        48          0          0          0          0        124   fpclassify.o
        38          0          0          0          0        116   fpclassifyf.o
        16          6          0          0          0        116   funder.o
       248          0          0          0          0        152   poly.o
      1580        138        320          0          0        340   powf.o
         0          0          8          0          0          0   qnan.o
      1112        140        200          0          0        188   rred.o
       216         16          0          0          0        152   sin.o
       304         24         40          0          0        208   sin_i.o
       122          0          0          0          0        148   sqrt.o
        62          0          0          0          0        136   sqrtf.o

    ----------------------------------------------------------------------
     10858       1044        768          0         96       8128   Library Totals
        36          8          0          0          0          0   (incl. Padding)

    ----------------------------------------------------------------------

      Code (inc. data)   RO Data    RW Data    ZI Data      Debug   Library Name

      1064         82          0          0         96       1976   c_w.l
      3228        248          0          0          0       2892   fz_wm.l
      6530        706        768          0          0       3260   m_wm.l

    ----------------------------------------------------------------------
     10858       1044        768          0         96       8128   Library Totals

    ----------------------------------------------------------------------

==============================================================================


      Code (inc. data)   RO Data    RW Data    ZI Data      Debug   

     65026       3814       4566        540      18596     459605   Grand Totals
     65026       3814       4566         76      18596     459605   ELF Image Totals (compressed)
     65026       3814       4566         76          0          0   ROM Totals

==============================================================================

    Total RO  Size (Code + RO Data)                69592 (  67.96kB)
    Total RW  Size (RW Data + ZI Data)             19136 (  18.69kB)
    Total ROM Size (Code + RO Data + RW Data)      69668 (  68.04kB)

==============================================================================

